Archive member included to satisfy reference by file (symbol)

C:/Users/kanis/.silabs/slt/installs/conan/p/gcc-a999d2e027337f/p/bin/../lib/gcc/arm-none-eabi/14.2.1/thumb/v8-m.main+fp/hard\libgcc.a(_aeabi_uldivmod.o)
                              CMakeFiles/slc.dir/base/C_/Auvetra/freertos_blink/simplicity_sdk_2026.6.1/platform_core/platform/service/sleeptimer/src/sl_sleeptimer.c.obj (__aeabi_uldivmod)
C:/Users/kanis/.silabs/slt/installs/conan/p/gcc-a999d2e027337f/p/bin/../lib/gcc/arm-none-eabi/14.2.1/thumb/v8-m.main+fp/hard\libgcc.a(_udivmoddi4.o)
                              C:/Users/kanis/.silabs/slt/installs/conan/p/gcc-a999d2e027337f/p/bin/../lib/gcc/arm-none-eabi/14.2.1/thumb/v8-m.main+fp/hard\libgcc.a(_aeabi_uldivmod.o) (__udivmoddi4)
C:/Users/kanis/.silabs/slt/installs/conan/p/gcc-a999d2e027337f/p/bin/../lib/gcc/arm-none-eabi/14.2.1/thumb/v8-m.main+fp/hard\libgcc.a(_dvmd_tls.o)
                              C:/Users/kanis/.silabs/slt/installs/conan/p/gcc-a999d2e027337f/p/bin/../lib/gcc/arm-none-eabi/14.2.1/thumb/v8-m.main+fp/hard\libgcc.a(_aeabi_uldivmod.o) (__aeabi_ldiv0)
C:/Users/kanis/.silabs/slt/installs/conan/p/gcc-a999d2e027337f/p/bin/../lib/gcc/arm-none-eabi/14.2.1/../../../../arm-none-eabi/lib/thumb/v8-m.main+fp/hard\libc_nano.a(libc_a-exit.o)
                              C:/Users/kanis/.silabs/slt/installs/conan/p/gcc-a999d2e027337f/p/bin/../lib/gcc/arm-none-eabi/14.2.1/../../../../arm-none-eabi/lib/thumb/v8-m.main+fp/hard/crt0.o (exit)
C:/Users/kanis/.silabs/slt/installs/conan/p/gcc-a999d2e027337f/p/bin/../lib/gcc/arm-none-eabi/14.2.1/../../../../arm-none-eabi/lib/thumb/v8-m.main+fp/hard\libc_nano.a(libc_a-findfp.o)
                              C:/Users/kanis/.silabs/slt/installs/conan/p/gcc-a999d2e027337f/p/bin/../lib/gcc/arm-none-eabi/14.2.1/../../../../arm-none-eabi/lib/thumb/v8-m.main+fp/hard\libc_nano.a(libc_a-exit.o) (__stdio_exit_handler)
C:/Users/kanis/.silabs/slt/installs/conan/p/gcc-a999d2e027337f/p/bin/../lib/gcc/arm-none-eabi/14.2.1/../../../../arm-none-eabi/lib/thumb/v8-m.main+fp/hard\libc_nano.a(libc_a-fwalk.o)
                              C:/Users/kanis/.silabs/slt/installs/conan/p/gcc-a999d2e027337f/p/bin/../lib/gcc/arm-none-eabi/14.2.1/../../../../arm-none-eabi/lib/thumb/v8-m.main+fp/hard\libc_nano.a(libc_a-findfp.o) (_fwalk_sglue)
C:/Users/kanis/.silabs/slt/installs/conan/p/gcc-a999d2e027337f/p/bin/../lib/gcc/arm-none-eabi/14.2.1/../../../../arm-none-eabi/lib/thumb/v8-m.main+fp/hard\libc_nano.a(libc_a-stdio.o)
                              C:/Users/kanis/.silabs/slt/installs/conan/p/gcc-a999d2e027337f/p/bin/../lib/gcc/arm-none-eabi/14.2.1/../../../../arm-none-eabi/lib/thumb/v8-m.main+fp/hard\libc_nano.a(libc_a-findfp.o) (__sread)
C:/Users/kanis/.silabs/slt/installs/conan/p/gcc-a999d2e027337f/p/bin/../lib/gcc/arm-none-eabi/14.2.1/../../../../arm-none-eabi/lib/thumb/v8-m.main+fp/hard\libc_nano.a(libc_a-memset.o)
                              C:/Users/kanis/.silabs/slt/installs/conan/p/gcc-a999d2e027337f/p/bin/../lib/gcc/arm-none-eabi/14.2.1/../../../../arm-none-eabi/lib/thumb/v8-m.main+fp/hard/crt0.o (memset)
C:/Users/kanis/.silabs/slt/installs/conan/p/gcc-a999d2e027337f/p/bin/../lib/gcc/arm-none-eabi/14.2.1/../../../../arm-none-eabi/lib/thumb/v8-m.main+fp/hard\libc_nano.a(libc_a-closer.o)
                              C:/Users/kanis/.silabs/slt/installs/conan/p/gcc-a999d2e027337f/p/bin/../lib/gcc/arm-none-eabi/14.2.1/../../../../arm-none-eabi/lib/thumb/v8-m.main+fp/hard\libc_nano.a(libc_a-stdio.o) (_close_r)
C:/Users/kanis/.silabs/slt/installs/conan/p/gcc-a999d2e027337f/p/bin/../lib/gcc/arm-none-eabi/14.2.1/../../../../arm-none-eabi/lib/thumb/v8-m.main+fp/hard\libc_nano.a(libc_a-reent.o)
                              C:/Users/kanis/.silabs/slt/installs/conan/p/gcc-a999d2e027337f/p/bin/../lib/gcc/arm-none-eabi/14.2.1/../../../../arm-none-eabi/lib/thumb/v8-m.main+fp/hard\libc_nano.a(libc_a-closer.o) (errno)
C:/Users/kanis/.silabs/slt/installs/conan/p/gcc-a999d2e027337f/p/bin/../lib/gcc/arm-none-eabi/14.2.1/../../../../arm-none-eabi/lib/thumb/v8-m.main+fp/hard\libc_nano.a(libc_a-impure.o)
                              C:/Users/kanis/.silabs/slt/installs/conan/p/gcc-a999d2e027337f/p/bin/../lib/gcc/arm-none-eabi/14.2.1/../../../../arm-none-eabi/lib/thumb/v8-m.main+fp/hard\libc_nano.a(libc_a-reent.o) (_impure_ptr)
C:/Users/kanis/.silabs/slt/installs/conan/p/gcc-a999d2e027337f/p/bin/../lib/gcc/arm-none-eabi/14.2.1/../../../../arm-none-eabi/lib/thumb/v8-m.main+fp/hard\libc_nano.a(libc_a-lseekr.o)
                              C:/Users/kanis/.silabs/slt/installs/conan/p/gcc-a999d2e027337f/p/bin/../lib/gcc/arm-none-eabi/14.2.1/../../../../arm-none-eabi/lib/thumb/v8-m.main+fp/hard\libc_nano.a(libc_a-stdio.o) (_lseek_r)
C:/Users/kanis/.silabs/slt/installs/conan/p/gcc-a999d2e027337f/p/bin/../lib/gcc/arm-none-eabi/14.2.1/../../../../arm-none-eabi/lib/thumb/v8-m.main+fp/hard\libc_nano.a(libc_a-readr.o)
[...]
Memory Configuration

Name             Origin             Length             Attributes
FLASH            0x08000000         0x000fe000         xr
RAM              0x20000000         0x00040000         xrw
DUMMY            0xfff02000         0x000fe000         !ax
*default*        0x00000000         0xffffffff

Linker script and memory map

LOAD C:/Users/kanis/.silabs/slt/installs/conan/p/gcc-a999d2e027337f/p/bin/../lib/gcc/arm-none-eabi/14.2.1/thumb/v8-m.main+fp/hard/crti.o
LOAD C:/Users/kanis/.silabs/slt/installs/conan/p/gcc-a999d2e027337f/p/bin/../lib/gcc/arm-none-eabi/14.2.1/thumb/v8-m.main+fp/hard/crtbegin.o
LOAD C:/Users/kanis/.silabs/slt/installs/conan/p/gcc-a999d2e027337f/p/bin/../lib/gcc/arm-none-eabi/14.2.1/../../../../arm-none-eabi/lib/thumb/v8-m.main+fp/hard/crt0.o
LOAD CMakeFiles/slc.dir/base/C_/Auvetra/freertos_blink/simplicity_sdk_2026.6.1/boards/hardware/board/src/sl_board_control_gpio.c.obj
LOAD CMakeFiles/slc.dir/base/C_/Auvetra/freertos_blink/simplicity_sdk_2026.6.1/boards/hardware/board/src/sl_board_init.c.obj
LOAD CMakeFiles/slc.dir/base/C_/Auvetra/freertos_blink/simplicity_sdk_2026.6.1/cmsis/RTOS2/Source/os_systick.c.obj
LOAD CMakeFiles/slc.dir/base/C_/Auvetra/freertos_blink/simplicity_sdk_2026.6.1/freertos/cmsis/Source/cmsis_os2.c.obj
LOAD CMakeFiles/slc.dir/base/C_/Auvetra/freertos_blink/simplicity_sdk_2026.6.1/freertos/kernel/croutine.c.obj
LOAD CMakeFiles/slc.dir/base/C_/Auvetra/freertos_blink/simplicity_sdk_2026.6.1/freertos/kernel/event_groups.c.obj
LOAD CMakeFiles/slc.dir/base/C_/Auvetra/freertos_blink/simplicity_sdk_2026.6.1/freertos/kernel/list.c.obj
LOAD CMakeFiles/slc.dir/base/C_/Auvetra/freertos_blink/simplicity_sdk_2026.6.1/freertos/kernel/portable/GCC/ARM_CM33_NTZ/non_secure/mpu_wrappers_v2_asm.c.obj
LOAD CMakeFiles/slc.dir/base/C_/Auvetra/freertos_blink/simplicity_sdk_2026.6.1/freertos/kernel/portable/GCC/ARM_CM33_NTZ/non_secure/port.c.obj
LOAD CMakeFiles/slc.dir/base/C_/Auvetra/freertos_blink/simplicity_sdk_2026.6.1/freertos/kernel/portable/GCC/ARM_CM33_NTZ/non_secure/portasm.c.obj
LOAD CMakeFiles/slc.dir/base/C_/Auvetra/freertos_blink/simplicity_sdk_2026.6.1/freertos/kernel/portable/MemMang/heap_3.c.obj
LOAD CMakeFiles/slc.dir/base/C_/Auvetra/freertos_blink/simplicity_sdk_2026.6.1/freertos/kernel/queue.c.obj
LOAD CMakeFiles/slc.dir/base/C_/Auvetra/freertos_blink/simplicity_sdk_2026.6.1/freertos/kernel/stream_buffer.c.obj
LOAD CMakeFiles/slc.dir/base/C_/Auvetra/freertos_blink/simplicity_sdk_2026.6.1/freertos/kernel/tasks.c.obj
LOAD CMakeFiles/slc.dir/base/C_/Auvetra/freertos_blink/simplicity_sdk_2026.6.1/freertos/kernel/timers.c.obj
LOAD CMakeFiles/slc.dir/base/C_/Auvetra/freertos_blink/simplicity_sdk_2026.6.1/platform_core/platform/common/src/sl_assert.c.obj
LOAD CMakeFiles/slc.dir/base/C_/Auvetra/freertos_blink/simplicity_sdk_2026.6.1/platform_core/platform/common/src/sl_cmsis_os2_common.c.obj
LOAD CMakeFiles/slc.dir/base/C_/Auvetra/freertos_blink/simplicity_sdk_2026.6.1/platform_core/platform/common/src/sl_core_cortexm.c.obj
LOAD CMakeFiles/slc.dir/base/C_/Auvetra/freertos_blink/simplicity_sdk_2026.6.1/platform_core/platform/common/src/sl_syscalls.c.obj
LOAD CMakeFiles/slc.dir/base/C_/Auvetra/freertos_blink/simplicity_sdk_2026.6.1/platform_core/platform/Device/SiliconLabs/EFR32ZG28/Source/startup_efr32zg28.c.obj
LOAD CMakeFiles/slc.dir/base/C_/Auvetra/freertos_blink/simplicity_sdk_2026.6.1/platform_core/platform/Device/SiliconLabs/EFR32ZG28/Source/system_efr32zg28.c.obj
LOAD CMakeFiles/slc.dir/base/C_/Auvetra/freertos_blink/simplicity_sdk_2026.6.1/platform_core/platform/driver/gpio/src/sl_gpio.c.obj
LOAD CMakeFiles/slc.dir/base/C_/Auvetra/freertos_blink/simplicity_sdk_2026.6.1/platform_core/platform/driver/leddrv/src/sl_led.c.obj
LOAD CMakeFiles/slc.dir/base/C_/Auvetra/freertos_blink/simplicity_sdk_2026.6.1/platform_core/platform/driver/leddrv/src/sl_simple_led.c.obj
LOAD CMakeFiles/slc.dir/base/C_/Auvetra/freertos_blink/simplicity_sdk_2026.6.1/platform_core/platform/emlib/src/em_burtc.c.obj
LOAD CMakeFiles/slc.dir/base/C_/Auvetra/freertos_blink/simplicity_sdk_2026.6.1/platform_core/platform/emlib/src/em_cmu.c.obj
LOAD CMakeFiles/slc.dir/base/C_/Auvetra/freertos_blink/simplicity_sdk_2026.6.1/platform_core/platform/emlib/src/em_emu.c.obj
LOAD CMakeFiles/slc.dir/base/C_/Auvetra/freertos_blink/simplicity_sdk_2026.6.1/platform_core/platform/emlib/src/em_gpio.c.obj
LOAD CMakeFiles/slc.dir/base/C_/Auvetra/freertos_blink/simplicity_sdk_2026.6.1/platform_core/platform/emlib/src/em_msc.c.obj
LOAD CMakeFiles/slc.dir/base/C_/Auvetra/freertos_blink/simplicity_sdk_2026.6.1/platform_core/platform/emlib/src/em_prs.c.obj
LOAD CMakeFiles/slc.dir/base/C_/Auvetra/freertos_blink/simplicity_sdk_2026.6.1/platform_core/platform/emlib/src/em_system.c.obj
LOAD CMakeFiles/slc.dir/base/C_/Auvetra/freertos_blink/simplicity_sdk_2026.6.1/platform_core/platform/emlib/src/em_timer.c.obj
LOAD CMakeFiles/slc.dir/base/C_/Auvetra/freertos_blink/simplicity_sdk_2026.6.1/platform_core/platform/peripheral/src/sl_hal_gpio.c.obj
LOAD CMakeFiles/slc.dir/base/C_/Auvetra/freertos_blink/simplicity_sdk_2026.6.1/platform_core/platform/peripheral/src/sl_hal_syscfg.c.obj
LOAD CMakeFiles/slc.dir/base/C_/Auvetra/freertos_blink/simplicity_sdk_2026.6.1/platform_core/platform/peripheral/src/sl_hal_sysrtc.c.obj
LOAD CMakeFiles/slc.dir/base/C_/Auvetra/freertos_blink/simplicity_sdk_2026.6.1/platform_core/platform/peripheral/src/sl_hal_sysrtc_subsystem.c.obj
LOAD CMakeFiles/slc.dir/base/C_/Auvetra/freertos_blink/simplicity_sdk_2026.6.1/platform_core/platform/peripheral/src/sl_hal_system.c.obj
LOAD CMakeFiles/slc.dir/base/C_/Auvetra/freertos_blink/simplicity_sdk_2026.6.1/platform_core/platform/service/clock_manager/src/sl_clock_manager.c.obj
LOAD CMakeFiles/slc.dir/base/C_/Auvetra/freertos_blink/simplicity_sdk_2026.6.1/platform_core/platform/service/clock_manager/src/sl_clock_manager_hal_s2.c.obj
LOAD CMakeFiles/slc.dir/base/C_/Auvetra/freertos_blink/simplicity_sdk_2026.6.1/platform_core/platform/service/clock_manager/src/sl_clock_manager_init.c.obj
LOAD CMakeFiles/slc.dir/base/C_/Auvetra/freertos_blink/simplicity_sdk_2026.6.1/platform_core/platform/service/clock_manager/src/sl_clock_manager_init_hal_s2.c.obj
LOAD CMakeFiles/slc.dir/base/C_/Auvetra/freertos_blink/simplicity_sdk_2026.6.1/platform_core/platform/service/device_init/src/sl_device_init_dcdc_s2.c.obj
LOAD CMakeFiles/slc.dir/base/C_/Auvetra/freertos_blink/simplicity_sdk_2026.6.1/platform_core/platform/service/device_init/src/sl_device_init_emu_s2.c.obj
LOAD CMakeFiles/slc.dir/base/C_/Auvetra/freertos_blink/simplicity_sdk_2026.6.1/platform_core/platform/service/device_manager/clocks/sl_device_clock_efr32xg28.c.obj
LOAD CMakeFiles/slc.dir/base/C_/Auvetra/freertos_blink/simplicity_sdk_2026.6.1/platform_core/platform/service/device_manager/devices/sl_device_peripheral_hal_efr32xg28.c.obj
LOAD CMakeFiles/slc.dir/base/C_/Auvetra/freertos_blink/simplicity_sdk_2026.6.1/platform_core/platform/service/device_manager/dma/sl_device_dma_s2.c.obj
LOAD CMakeFiles/slc.dir/base/C_/Auvetra/freertos_blink/simplicity_sdk_2026.6.1/platform_core/platform/service/device_manager/src/sl_device_clock.c.obj
LOAD CMakeFiles/slc.dir/base/C_/Auvetra/freertos_blink/simplicity_sdk_2026.6.1/platform_core/platform/service/device_manager/src/sl_device_dma.c.obj
LOAD CMakeFiles/slc.dir/base/C_/Auvetra/freertos_blink/simplicity_sdk_2026.6.1/platform_core/platform/service/device_manager/src/sl_device_gpio.c.obj
LOAD CMakeFiles/slc.dir/base/C_/Auvetra/freertos_blink/simplicity_sdk_2026.6.1/platform_core/platform/service/device_manager/src/sl_device_peripheral.c.obj
LOAD CMakeFiles/slc.dir/base/C_/Auvetra/freertos_blink/simplicity_sdk_2026.6.1/platform_core/platform/service/interrupt_manager/src/sl_interrupt_manager_cortexm.c.obj
LOAD CMakeFiles/slc.dir/base/C_/Auvetra/freertos_blink/simplicity_sdk_2026.6.1/platform_core/platform/service/memory_manager/src/sl_memory_manager.c.obj
LOAD CMakeFiles/slc.dir/base/C_/Auvetra/freertos_blink/simplicity_sdk_2026.6.1/platform_core/platform/service/memory_manager/src/sl_memory_manager_dynamic_reservation.c.obj
LOAD CMakeFiles/slc.dir/base/C_/Auvetra/freertos_blink/simplicity_sdk_2026.6.1/platform_core/platform/service/memory_manager/src/sl_memory_manager_pool.c.obj
LOAD CMakeFiles/slc.dir/base/C_/Auvetra/freertos_blink/simplicity_sdk_2026.6.1/platform_core/platform/service/memory_manager/src/sl_memory_manager_pool_common.c.obj
LOAD CMakeFiles/slc.dir/base/C_/Auvetra/freertos_blink/simplicity_sdk_2026.6.1/platform_core/platform/service/memory_manager/src/sl_memory_manager_region.c.obj
LOAD CMakeFiles/slc.dir/base/C_/Auvetra/freertos_blink/simplicity_sdk_2026.6.1/platform_core/platform/service/memory_manager/src/sl_memory_manager_retarget.c.obj
LOAD CMakeFiles/slc.dir/base/C_/Auvetra/freertos_blink/simplicity_sdk_2026.6.1/platform_core/platform/service/memory_manager/src/sli_memory_manager_common.c.obj
LOAD CMakeFiles/slc.dir/base/C_/Auvetra/freertos_blink/simplicity_sdk_2026.6.1/platform_core/platform/service/sl_main/src/rtos/main_retarget.c.obj
LOAD CMakeFiles/slc.dir/base/C_/Auvetra/freertos_blink/simplicity_sdk_2026.6.1/platform_core/platform/service/sl_main/src/sl_main_init.c.obj
LOAD CMakeFiles/slc.dir/base/C_/Auvetra/freertos_blink/simplicity_sdk_2026.6.1/platform_core/platform/service/sl_main/src/sl_main_init_memory.c.obj
LOAD CMakeFiles/slc.dir/base/C_/Auvetra/freertos_blink/simplicity_sdk_2026.6.1/platform_core/platform/service/sl_main/src/sl_main_kernel.c.obj
LOAD CMakeFiles/slc.dir/base/C_/Auvetra/freertos_blink/simplicity_sdk_2026.6.1/platform_core/platform/service/sleeptimer/src/sl_sleeptimer.c.obj
LOAD CMakeFiles/slc.dir/base/C_/Auvetra/freertos_blink/simplicity_sdk_2026.6.1/platform_core/platform/service/sleeptimer/src/sl_sleeptimer_hal_burtc.c.obj
LOAD CMakeFiles/slc.dir/base/C_/Auvetra/freertos_blink/simplicity_sdk_2026.6.1/platform_core/platform/service/sleeptimer/src/sl_sleeptimer_hal_sysrtc.c.obj
LOAD CMakeFiles/slc.dir/base/C_/Auvetra/freertos_blink/simplicity_sdk_2026.6.1/platform_core/platform/service/sleeptimer/src/sl_sleeptimer_hal_timer.c.obj
LOAD CMakeFiles/slc.dir/base/C_/Auvetra/freertos_blink/app.c.obj
LOAD CMakeFiles/slc.dir/base/C_/Auvetra/freertos_blink/autogen/sl_board_default_init.c.obj
LOAD CMakeFiles/slc.dir/base/C_/Auvetra/freertos_blink/autogen/sl_event_handler.c.obj
LOAD CMakeFiles/slc.dir/base/C_/Auvetra/freertos_blink/autogen/sl_simple_led_instances.c.obj
LOAD CMakeFiles/slc.dir/base/C_/Auvetra/freertos_blink/blink.c.obj
LOAD CMakeFiles/slc.dir/base/C_/Auvetra/freertos_blink/main.c.obj
START GROUP
LOAD C:/Users/kanis/.silabs/slt/installs/conan/p/gcc-a999d2e027337f/p/bin/../lib/gcc/arm-none-eabi/14.2.1/thumb/v8-m.main+fp/hard\libgcc.a
LOAD C:/Users/kanis/.silabs/slt/installs/conan/p/gcc-a999d2e027337f/p/bin/../lib/gcc/arm-none-eabi/14.2.1/../../../../arm-none-eabi/lib/thumb/v8-m.main+fp/hard\libc_nano.a
LOAD C:/Users/kanis/.silabs/slt/installs/conan/p/gcc-a999d2e027337f/p/bin/../lib/gcc/arm-none-eabi/14.2.1/../../../../arm-none-eabi/lib/thumb/v8-m.main+fp/hard\libm.a
LOAD C:/Users/kanis/.silabs/slt/installs/conan/p/gcc-a999d2e027337f/p/bin/../lib/gcc/arm-none-eabi/14.2.1/../../../../arm-none-eabi/lib/thumb/v8-m.main+fp/hard\libnosys.a
END GROUP
START GROUP
LOAD C:/Users/kanis/.silabs/slt/installs/conan/p/gcc-a999d2e027337f/p/bin/../lib/gcc/arm-none-eabi/14.2.1/thumb/v8-m.main+fp/hard\libgcc.a
LOAD C:/Users/kanis/.silabs/slt/installs/conan/p/gcc-a999d2e027337f/p/bin/../lib/gcc/arm-none-eabi/14.2.1/../../../../arm-none-eabi/lib/thumb/v8-m.main+fp/hard\libc_nano.a
END GROUP
START GROUP
LOAD C:/Users/kanis/.silabs/slt/installs/conan/p/gcc-a999d2e027337f/p/bin/../lib/gcc/arm-none-eabi/14.2.1/thumb/v8-m.main+fp/hard\libgcc.a
LOAD C:/Users/kanis/.silabs/slt/installs/conan/p/gcc-a999d2e027337f/p/bin/../lib/gcc/arm-none-eabi/14.2.1/../../../../arm-none-eabi/lib/thumb/v8-m.main+fp/hard\libc_nano.a
END GROUP
LOAD C:/Users/kanis/.silabs/slt/installs/conan/p/gcc-a999d2e027337f/p/bin/../lib/gcc/arm-none-eabi/14.2.1/thumb/v8-m.main+fp/hard/crtend.o
LOAD C:/Users/kanis/.silabs/slt/installs/conan/p/gcc-a999d2e027337f/p/bin/../lib/gcc/arm-none-eabi/14.2.1/thumb/v8-m.main+fp/hard/crtn.o

.vectors        0x08000000      0x17c
                0x08000000                        linker_vectors_begin = .
 *(.vectors)
 .vectors       0x08000000      0x17c CMakeFiles/slc.dir/base/C_/Auvetra/freertos_blink/simplicity_sdk_2026.6.1/platform_core/platform/Device/SiliconLabs/EFR32ZG28/Source/startup_efr32zg28.c.obj
                0x08000000                __Vectors
                0x0800017c                        linker_vectors_end = .
                0x0800017c                        __Vectors_End = .
                0x0800017c                        __Vectors_Size = (__Vectors_End - __Vectors)

.stack          0x20000000      0x400
                0x20000000                        . = ALIGN (0x8)
                0x20000000                        __stack_limit = .
                0x20000000                        __StackLimit = .
 *(.stack*)
 .stack         0x20000000      0x400 CMakeFiles/slc.dir/base/C_/Auvetra/freertos_blink/simplicity_sdk_2026.6.1/platform_core/platform/service/memory_manager/src/sl_memory_manager_region.c.obj
                0x20000400                        . = ALIGN (0x4)
                0x20000400                        __stack = .
                0x20000400                        __StackTop = .

.bss            0x20000400     0x11b4
                0x20000400                        . = ALIGN (0x4)
                0x20000400                        __bss_start__ = .
 *(SORT_BY_ALIGNMENT(.bss*))
 .bss.object.0  0x20000400       0x18 C:/Users/kanis/.silabs/slt/installs/conan/p/gcc-a999d2e027337f/p/bin/../lib/gcc/arm-none-eabi/14.2.1/thumb/v8-m.main+fp/hard/crtbegin.o
 .bss.Timer_Stack.0
                0x20000418      0x280 CMakeFiles/slc.dir/base/C_/Auvetra/freertos_blink/simplicity_sdk_2026.6.1/freertos/cmsis/Source/cmsis_os2.c.obj
 .bss.Timer_TCB.1
                0x20000698       0x58 CMakeFiles/slc.dir/base/C_/Auvetra/freertos_blink/simplicity_sdk_2026.6.1/freertos/cmsis/Source/cmsis_os2.c.obj
 .bss.Idle_Stack.2
                0x200006f0      0x280 CMakeFiles/slc.dir/base/C_/Auvetra/freertos_blink/simplicity_sdk_2026.6.1/freertos/cmsis/Source/cmsis_os2.c.obj
 .bss.Idle_TCB.3
                0x20000970       0x58 CMakeFiles/slc.dir/base/C_/Auvetra/freertos_blink/simplicity_sdk_2026.6.1/freertos/cmsis/Source/cmsis_os2.c.obj
 .bss.KernelState
                0x200009c8        0x4 CMakeFiles/slc.dir/base/C_/Auvetra/freertos_blink/simplicity_sdk_2026.6.1/freertos/cmsis/Source/cmsis_os2.c.obj
 .bss.ulMaxPRIGROUPValue
                0x200009cc        0x4 CMakeFiles/slc.dir/base/C_/Auvetra/freertos_blink/simplicity_sdk_2026.6.1/freertos/kernel/portable/GCC/ARM_CM33_NTZ/non_secure/port.c.obj
 .bss.xQueueRegistry
                0x200009d0       0x50 CMakeFiles/slc.dir/base/C_/Auvetra/freertos_blink/simplicity_sdk_2026.6.1/freertos/kernel/queue.c.obj
                0x200009d0                xQueueRegistry
 .bss.uxSchedulerSuspended
                0x20000a20        0x4 CMakeFiles/slc.dir/base/C_/Auvetra/freertos_blink/simplicity_sdk_2026.6.1/freertos/kernel/tasks.c.obj
 .bss.xIdleTaskHandles
                0x20000a24        0x4 CMakeFiles/slc.dir/base/C_/Auvetra/freertos_blink/simplicity_sdk_2026.6.1/freertos/kernel/tasks.c.obj
 .bss.xNextTaskUnblockTime
                0x20000a28        0x4 CMakeFiles/slc.dir/base/C_/Auvetra/freertos_blink/simplicity_sdk_2026.6.1/freertos/kernel/tasks.c.obj
 .bss.uxTaskNumber
                0x20000a2c        0x4 CMakeFiles/slc.dir/base/C_/Auvetra/freertos_blink/simplicity_sdk_2026.6.1/freertos/kernel/tasks.c.obj
 .bss.xNumOfOverflows
                0x20000a30        0x4 CMakeFiles/slc.dir/base/C_/Auvetra/freertos_blink/simplicity_sdk_2026.6.1/freertos/kernel/tasks.c.obj
 .bss.xYieldPendings
                0x20000a34        0x4 CMakeFiles/slc.dir/base/C_/Auvetra/freertos_blink/simplicity_sdk_2026.6.1/freertos/kernel/tasks.c.obj
 .bss.xPendedTicks
                0x20000a38        0x4 CMakeFiles/slc.dir/base/C_/Auvetra/freertos_blink/simplicity_sdk_2026.6.1/freertos/kernel/tasks.c.obj
 .bss.xSchedulerRunning
                0x20000a3c        0x4 CMakeFiles/slc.dir/base/C_/Auvetra/freertos_blink/simplicity_sdk_2026.6.1/freertos/kernel/tasks.c.obj
 .bss.uxTopReadyPriority
                0x20000a40        0x4 CMakeFiles/slc.dir/base/C_/Auvetra/freertos_blink/simplicity_sdk_2026.6.1/freertos/kernel/tasks.c.obj
 .bss.xTickCount
                0x20000a44        0x4 CMakeFiles/slc.dir/base/C_/Auvetra/freertos_blink/simplicity_sdk_2026.6.1/freertos/kernel/tasks.c.obj
 .bss.uxCurrentNumberOfTasks
                0x20000a48        0x4 CMakeFiles/slc.dir/base/C_/Auvetra/freertos_blink/simplicity_sdk_2026.6.1/freertos/kernel/tasks.c.obj
 .bss.xSuspendedTaskList
                0x20000a4c       0x14 CMakeFiles/slc.dir/base/C_/Auvetra/freertos_blink/simplicity_sdk_2026.6.1/freertos/kernel/tasks.c.obj
 .bss.uxDeletedTasksWaitingCleanUp
                0x20000a60        0x4 CMakeFiles/slc.dir/base/C_/Auvetra/freertos_blink/simplicity_sdk_2026.6.1/freertos/kernel/tasks.c.obj
 .bss.xTasksWaitingTermination
                0x20000a64       0x14 CMakeFiles/slc.dir/base/C_/Auvetra/freertos_blink/simplicity_sdk_2026.6.1/freertos/kernel/tasks.c.obj
 .bss.xPendingReadyList
                0x20000a78       0x14 CMakeFiles/slc.dir/base/C_/Auvetra/freertos_blink/simplicity_sdk_2026.6.1/freertos/kernel/tasks.c.obj
 .bss.pxOverflowDelayedTaskList
                0x20000a8c        0x4 CMakeFiles/slc.dir/base/C_/Auvetra/freertos_blink/simplicity_sdk_2026.6.1/freertos/kernel/tasks.c.obj
 .bss.pxDelayedTaskList
                0x20000a90        0x4 CMakeFiles/slc.dir/base/C_/Auvetra/freertos_blink/simplicity_sdk_2026.6.1/freertos/kernel/tasks.c.obj
 .bss.xDelayedTaskList2
                0x20000a94       0x14 CMakeFiles/slc.dir/base/C_/Auvetra/freertos_blink/simplicity_sdk_2026.6.1/freertos/kernel/tasks.c.obj
 .bss.xDelayedTaskList1
                0x20000aa8       0x14 CMakeFiles/slc.dir/base/C_/Auvetra/freertos_blink/simplicity_sdk_2026.6.1/freertos/kernel/tasks.c.obj
 .bss.pxReadyTasksLists
                0x20000abc      0x460 CMakeFiles/slc.dir/base/C_/Auvetra/freertos_blink/simplicity_sdk_2026.6.1/freertos/kernel/tasks.c.obj
 .bss.pxCurrentTCB
                0x20000f1c        0x4 CMakeFiles/slc.dir/base/C_/Auvetra/freertos_blink/simplicity_sdk_2026.6.1/freertos/kernel/tasks.c.obj
                0x20000f1c                pxCurrentTCB
 .bss.xLastTime.0
                0x20000f20        0x4 CMakeFiles/slc.dir/base/C_/Auvetra/freertos_blink/simplicity_sdk_2026.6.1/freertos/kernel/timers.c.obj
 .bss.xStaticTimerQueue.1
                0x20000f24       0x50 CMakeFiles/slc.dir/base/C_/Auvetra/freertos_blink/simplicity_sdk_2026.6.1/freertos/kernel/timers.c.obj
 .bss.xTimerTaskHandle
                0x20000f74        0x4 CMakeFiles/slc.dir/base/C_/Auvetra/freertos_blink/simplicity_sdk_2026.6.1/freertos/kernel/timers.c.obj
 .bss.xTimerQueue
                0x20000f78        0x4 CMakeFiles/slc.dir/base/C_/Auvetra/freertos_blink/simplicity_sdk_2026.6.1/freertos/kernel/timers.c.obj
 .bss.pxOverflowTimerList
                0x20000f7c        0x4 CMakeFiles/slc.dir/base/C_/Auvetra/freertos_blink/simplicity_sdk_2026.6.1/freertos/kernel/timers.c.obj
 .bss.pxCurrentTimerList
                0x20000f80        0x4 CMakeFiles/slc.dir/base/C_/Auvetra/freertos_blink/simplicity_sdk_2026.6.1/freertos/kernel/timers.c.obj
 .bss.xActiveTimerList2
                0x20000f84       0x14 CMakeFiles/slc.dir/base/C_/Auvetra/freertos_blink/simplicity_sdk_2026.6.1/freertos/kernel/timers.c.obj
 .bss.xActiveTimerList1
                0x20000f98       0x14 CMakeFiles/slc.dir/base/C_/Auvetra/freertos_blink/simplicity_sdk_2026.6.1/freertos/kernel/timers.c.obj
 .bss.gpio_interrupts
                0x20000fac      0x100 CMakeFiles/slc.dir/base/C_/Auvetra/freertos_blink/simplicity_sdk_2026.6.1/platform_core/platform/driver/gpio/src/sl_gpio.c.obj
 .bss.sli_general_purpose_heap
                0x200010ac       0x28 CMakeFiles/slc.dir/base/C_/Auvetra/freertos_blink/simplicity_sdk_2026.6.1/platform_core/platform/service/memory_manager/src/sl_memory_manager.c.obj
                0x200010ac                sli_general_purpose_heap
 .bss.sli_memory_heap_region
                0x200010d4        0x8 CMakeFiles/slc.dir/base/C_/Auvetra/freertos_blink/simplicity_sdk_2026.6.1/platform_core/platform/service/memory_manager/src/sl_memory_manager_region.c.obj
 .bss.start_task_id
                0x200010dc        0x4 CMakeFiles/slc.dir/base/C_/Auvetra/freertos_blink/simplicity_sdk_2026.6.1/platform_core/platform/service/sl_main/src/sl_main_kernel.c.obj
                0x200010dc                start_task_id
 .bss.max_millisecond_conversion
                0x200010e0        0x4 CMakeFiles/slc.dir/base/C_/Auvetra/freertos_blink/simplicity_sdk_2026.6.1/platform_core/platform/service/sleeptimer/src/sl_sleeptimer.c.obj
 .bss.last_delta_update_count
                0x200010e4        0x4 CMakeFiles/slc.dir/base/C_/Auvetra/freertos_blink/simplicity_sdk_2026.6.1/platform_core/platform/service/sleeptimer/src/sl_sleeptimer.c.obj
 .bss.timer_head
                0x200010e8        0x4 CMakeFiles/slc.dir/base/C_/Auvetra/freertos_blink/simplicity_sdk_2026.6.1/platform_core/platform/service/sleeptimer/src/sl_sleeptimer.c.obj
 .bss.timer_frequency
                0x200010ec        0x4 CMakeFiles/slc.dir/base/C_/Auvetra/freertos_blink/simplicity_sdk_2026.6.1/platform_core/platform/service/sleeptimer/src/sl_sleeptimer.c.obj
 .bss.overflow_counter
                0x200010f0        0x4 CMakeFiles/slc.dir/base/C_/Auvetra/freertos_blink/simplicity_sdk_2026.6.1/platform_core/platform/service/sleeptimer/src/sl_sleeptimer.c.obj
 .bss.xTaskBuffer.0
                0x200010f4       0x58 CMakeFiles/slc.dir/base/C_/Auvetra/freertos_blink/blink.c.obj
 .bss.xStack.1  0x2000114c      0x280 CMakeFiles/slc.dir/base/C_/Auvetra/freertos_blink/blink.c.obj
 .bss.__sf      0x200013cc      0x138 C:/Users/kanis/.silabs/slt/installs/conan/p/gcc-a999d2e027337f/p/bin/../lib/gcc/arm-none-eabi/14.2.1/../../../../arm-none-eabi/lib/thumb/v8-m.main+fp/hard\libc_nano.a(libc_a-findfp.o)
                0x200013cc                __sf
 .bss.__stdio_exit_handler
                0x20001504        0x4 C:/Users/kanis/.silabs/slt/installs/conan/p/gcc-a999d2e027337f/p/bin/../lib/gcc/arm-none-eabi/14.2.1/../../../../arm-none-eabi/lib/thumb/v8-m.main+fp/hard\libc_nano.a(libc_a-findfp.o)
                0x20001504                __stdio_exit_handler
 .bss.completed.1
                0x20001508        0x1 C:/Users/kanis/.silabs/slt/installs/conan/p/gcc-a999d2e027337f/p/bin/../lib/gcc/arm-none-eabi/14.2.1/thumb/v8-m.main+fp/hard/crtbegin.o
 .bss.ucMaxSysCallPriority
                0x20001509        0x1 CMakeFiles/slc.dir/base/C_/Auvetra/freertos_blink/simplicity_sdk_2026.6.1/freertos/kernel/portable/GCC/ARM_CM33_NTZ/non_secure/port.c.obj
 .bss.ucStaticTimerQueueStorage.2
                0x2000150a       0xa0 CMakeFiles/slc.dir/base/C_/Auvetra/freertos_blink/simplicity_sdk_2026.6.1/freertos/kernel/timers.c.obj
 .bss.pclkDiv   0x200015aa        0x1 CMakeFiles/slc.dir/base/C_/Auvetra/freertos_blink/simplicity_sdk_2026.6.1/platform_core/platform/emlib/src/em_cmu.c.obj
 .bss.vScaleEM01Config
                0x200015ab        0x1 CMakeFiles/slc.dir/base/C_/Auvetra/freertos_blink/simplicity_sdk_2026.6.1/platform_core/platform/emlib/src/em_emu.c.obj
 .bss.is_interrupt_manager_initialized
                0x200015ac        0x1 CMakeFiles/slc.dir/base/C_/Auvetra/freertos_blink/simplicity_sdk_2026.6.1/platform_core/platform/service/interrupt_manager/src/sl_interrupt_manager_cortexm.c.obj
 .bss.sli_mm_initialized
                0x200015ad        0x1 CMakeFiles/slc.dir/base/C_/Auvetra/freertos_blink/simplicity_sdk_2026.6.1/platform_core/platform/service/memory_manager/src/sl_memory_manager.c.obj
                0x200015ad                sli_mm_initialized
 .bss.sleep_on_isr_exit
                0x200015ae        0x1 CMakeFiles/slc.dir/base/C_/Auvetra/freertos_blink/simplicity_sdk_2026.6.1/platform_core/platform/service/sleeptimer/src/sl_sleeptimer.c.obj
 .bss.next_timer_to_expire_is_power_manager
                0x200015af        0x1 CMakeFiles/slc.dir/base/C_/Auvetra/freertos_blink/simplicity_sdk_2026.6.1/platform_core/platform/service/sleeptimer/src/sl_sleeptimer.c.obj
                0x200015af                next_timer_to_expire_is_power_manager
 .bss.is_sleeptimer_initialized
                0x200015b0        0x1 CMakeFiles/slc.dir/base/C_/Auvetra/freertos_blink/simplicity_sdk_2026.6.1/platform_core/platform/service/sleeptimer/src/sl_sleeptimer.c.obj
 *(COMMON)
                0x200015b4                        . = ALIGN (0x4)
 *fill*         0x200015b1        0x3 
                0x200015b4                        __bss_end__ = .

.noinit
 *(.noinit*)

text_application_ram
                0x200015b4        0x0 load address 0x0800017c
                0x200015b4                        . = ALIGN (0x4)
                0x200015b4                        __vma_ramfuncs_start__ = .
 *(text_application_ram)
                0x200015b4                        . = ALIGN (0x4)
                0x200015b4                        __vma_ramfuncs_end__ = .
                0x0800017c                        __lma_ramfuncs_start__ = LOADADDR (text_application_ram)
                0x0800017c                        __lma_ramfuncs_end__ = (LOADADDR (text_application_ram) + SIZEOF (text_application_ram))

.rodata

.text           0x0800017c     0x5898
                0x0800017c                        linker_code_begin = .
 *(SORT_BY_ALIGNMENT(.text*))
 .text.deregister_tm_clones
                0x0800017c       0x1c C:/Users/kanis/.silabs/slt/installs/conan/p/gcc-a999d2e027337f/p/bin/../lib/gcc/arm-none-eabi/14.2.1/thumb/v8-m.main+fp/hard/crtbegin.o
 .text.register_tm_clones
                0x08000198       0x28 C:/Users/kanis/.silabs/slt/installs/conan/p/gcc-a999d2e027337f/p/bin/../lib/gcc/arm-none-eabi/14.2.1/thumb/v8-m.main+fp/hard/crtbegin.o
 .text.__do_global_dtors_aux
                0x080001c0       0x28 C:/Users/kanis/.silabs/slt/installs/conan/p/gcc-a999d2e027337f/p/bin/../lib/gcc/arm-none-eabi/14.2.1/thumb/v8-m.main+fp/hard/crtbegin.o
 .text.frame_dummy
                0x080001e8       0x24 C:/Users/kanis/.silabs/slt/installs/conan/p/gcc-a999d2e027337f/p/bin/../lib/gcc/arm-none-eabi/14.2.1/thumb/v8-m.main+fp/hard/crtbegin.o
 .text          0x0800020c       0x7c C:/Users/kanis/.silabs/slt/installs/conan/p/gcc-a999d2e027337f/p/bin/../lib/gcc/arm-none-eabi/14.2.1/../../../../arm-none-eabi/lib/thumb/v8-m.main+fp/hard/crt0.o
                0x0800020c                _stack_init
                0x08000214                _start
                0x08000214                _mainCRTStartup
 .text.sl_board_init
                0x08000288       0x14 CMakeFiles/slc.dir/base/C_/Auvetra/freertos_blink/simplicity_sdk_2026.6.1/boards/hardware/board/src/sl_board_init.c.obj
                0x08000288                sl_board_init
 .text.sl_board_preinit
                0x0800029c        0xc CMakeFiles/slc.dir/base/C_/Auvetra/freertos_blink/simplicity_sdk_2026.6.1/boards/hardware/board/src/sl_board_init.c.obj
                0x0800029c                sl_board_preinit
 .text.vApplicationStackOverflowHook
                0x080002a8       0x10 CMakeFiles/slc.dir/base/C_/Auvetra/freertos_blink/simplicity_sdk_2026.6.1/freertos/cmsis/Source/cmsis_os2.c.obj
                0x080002a8                vApplicationStackOverflowHook
 .text.prvTaskExitError
                0x080002b8       0x30 CMakeFiles/slc.dir/base/C_/Auvetra/freertos_blink/simplicity_sdk_2026.6.1/freertos/kernel/portable/GCC/ARM_CM33_NTZ/non_secure/port.c.obj
 .text.CopyFunctionsToRam
                0x080002e8       0x1c CMakeFiles/slc.dir/base/C_/Auvetra/freertos_blink/simplicity_sdk_2026.6.1/platform_core/platform/Device/SiliconLabs/EFR32ZG28/Source/startup_efr32zg28.c.obj
                0x080002e8                CopyFunctionsToRam
 .text.Reset_Handler_C
                0x08000304       0x6c CMakeFiles/slc.dir/base/C_/Auvetra/freertos_blink/simplicity_sdk_2026.6.1/platform_core/platform/Device/SiliconLabs/EFR32ZG28/Source/startup_efr32zg28.c.obj
                0x08000304                Reset_Handler_C
 .text.SystemInit
                0x08000370       0x64 CMakeFiles/slc.dir/base/C_/Auvetra/freertos_blink/simplicity_sdk_2026.6.1/platform_core/platform/Device/SiliconLabs/EFR32ZG28/Source/system_efr32zg28.c.obj
                0x08000370                SystemInit
 .text.SystemHFRCODPLLClockSet
                0x080003d4        0xc CMakeFiles/slc.dir/base/C_/Auvetra/freertos_blink/simplicity_sdk_2026.6.1/platform_core/platform/Device/SiliconLabs/EFR32ZG28/Source/system_efr32zg28.c.obj
                0x080003d4                SystemHFRCODPLLClockSet
 .text.SystemHFXOClockSet
                0x080003e0       0x20 CMakeFiles/slc.dir/base/C_/Auvetra/freertos_blink/simplicity_sdk_2026.6.1/platform_core/platform/Device/SiliconLabs/EFR32ZG28/Source/system_efr32zg28.c.obj
                0x080003e0                SystemHFXOClockSet
 .text.sl_gpio_dispatch_interrupt
                0x08000400       0x3c CMakeFiles/slc.dir/base/C_/Auvetra/freertos_blink/simplicity_sdk_2026.6.1/platform_core/platform/driver/gpio/src/sl_gpio.c.obj
 .text.sl_gpio_init
                0x0800043c       0x38 CMakeFiles/slc.dir/base/C_/Auvetra/freertos_blink/simplicity_sdk_2026.6.1/platform_core/platform/driver/gpio/src/sl_gpio.c.obj
                0x0800043c                sl_gpio_init
 .text.sl_gpio_set_pin_mode
                0x08000474       0x70 CMakeFiles/slc.dir/base/C_/Auvetra/freertos_blink/simplicity_sdk_2026.6.1/platform_core/platform/driver/gpio/src/sl_gpio.c.obj
                0x08000474                sl_gpio_set_pin_mode
 .text.sl_gpio_set_pin
                0x080004e4       0x50 CMakeFiles/slc.dir/base/C_/Auvetra/freertos_blink/simplicity_sdk_2026.6.1/platform_core/platform/driver/gpio/src/sl_gpio.c.obj
                0x080004e4                sl_gpio_set_pin
 .text.sl_gpio_clear_pin
                0x08000534       0x50 CMakeFiles/slc.dir/base/C_/Auvetra/freertos_blink/simplicity_sdk_2026.6.1/platform_core/platform/driver/gpio/src/sl_gpio.c.obj
                0x08000534                sl_gpio_clear_pin
 .text.sl_gpio_get_pin_output
                0x08000584       0x68 CMakeFiles/slc.dir/base/C_/Auvetra/freertos_blink/simplicity_sdk_2026.6.1/platform_core/platform/driver/gpio/src/sl_gpio.c.obj
                0x08000584                sl_gpio_get_pin_output
 .text.GPIO_EVEN_IRQHandler
                0x080005ec       0x20 CMakeFiles/slc.dir/base/C_/Auvetra/freertos_blink/simplicity_sdk_2026.6.1/platform_core/platform/driver/gpio/src/sl_gpio.c.obj
                0x080005ec                GPIO_EVEN_IRQHandler
 .text.GPIO_ODD_IRQHandler
                0x0800060c       0x20 CMakeFiles/slc.dir/base/C_/Auvetra/freertos_blink/simplicity_sdk_2026.6.1/platform_core/platform/driver/gpio/src/sl_gpio.c.obj
                0x0800060c                GPIO_ODD_IRQHandler
 .text.sl_simple_led_init
                0x0800062c       0x34 CMakeFiles/slc.dir/base/C_/Auvetra/freertos_blink/simplicity_sdk_2026.6.1/platform_core/platform/driver/leddrv/src/sl_simple_led.c.obj
                0x0800062c                sl_simple_led_init
 .text.EMU_VScaleGet
                0x08000660       0x18 CMakeFiles/slc.dir/base/C_/Auvetra/freertos_blink/simplicity_sdk_2026.6.1/platform_core/platform/emlib/src/em_cmu.c.obj
 .text.dpllRefClkGet
                0x08000678       0x48 CMakeFiles/slc.dir/base/C_/Auvetra/freertos_blink/simplicity_sdk_2026.6.1/platform_core/platform/emlib/src/em_cmu.c.obj
 .text.em23GrpaClkGet
                0x080006c0       0x48 CMakeFiles/slc.dir/base/C_/Auvetra/freertos_blink/simplicity_sdk_2026.6.1/platform_core/platform/emlib/src/em_cmu.c.obj
 .text.em4GrpaClkGet
                0x08000708       0x48 CMakeFiles/slc.dir/base/C_/Auvetra/freertos_blink/simplicity_sdk_2026.6.1/platform_core/platform/emlib/src/em_cmu.c.obj
 .text.sysrtcClkGet
                0x08000750       0x48 CMakeFiles/slc.dir/base/C_/Auvetra/freertos_blink/simplicity_sdk_2026.6.1/platform_core/platform/emlib/src/em_cmu.c.obj
 .text.traceClkGet
                0x08000798       0x54 CMakeFiles/slc.dir/base/C_/Auvetra/freertos_blink/simplicity_sdk_2026.6.1/platform_core/platform/emlib/src/em_cmu.c.obj
 .text.em01GrpaClkGet
                0x080007ec       0x74 CMakeFiles/slc.dir/base/C_/Auvetra/freertos_blink/simplicity_sdk_2026.6.1/platform_core/platform/emlib/src/em_cmu.c.obj
 .text.em01GrpcClkGet
                0x08000860       0x70 CMakeFiles/slc.dir/base/C_/Auvetra/freertos_blink/simplicity_sdk_2026.6.1/platform_core/platform/emlib/src/em_cmu.c.obj
 .text.eusart0ClkGet
                0x080008d0       0x74 CMakeFiles/slc.dir/base/C_/Auvetra/freertos_blink/simplicity_sdk_2026.6.1/platform_core/platform/emlib/src/em_cmu.c.obj
 .text.iadcClkGet
                0x08000944       0x60 CMakeFiles/slc.dir/base/C_/Auvetra/freertos_blink/simplicity_sdk_2026.6.1/platform_core/platform/emlib/src/em_cmu.c.obj
 .text.wdog0ClkGet
                0x080009a4       0x64 CMakeFiles/slc.dir/base/C_/Auvetra/freertos_blink/simplicity_sdk_2026.6.1/platform_core/platform/emlib/src/em_cmu.c.obj
 .text.wdog1ClkGet
                0x08000a08       0x64 CMakeFiles/slc.dir/base/C_/Auvetra/freertos_blink/simplicity_sdk_2026.6.1/platform_core/platform/emlib/src/em_cmu.c.obj
 .text.lcdClkGet
                0x08000a6c       0x54 CMakeFiles/slc.dir/base/C_/Auvetra/freertos_blink/simplicity_sdk_2026.6.1/platform_core/platform/emlib/src/em_cmu.c.obj
 .text.vdac0ClkGet
                0x08000ac0       0x70 CMakeFiles/slc.dir/base/C_/Auvetra/freertos_blink/simplicity_sdk_2026.6.1/platform_core/platform/emlib/src/em_cmu.c.obj
 .text.HFRCODPLLDevinfoGet
                0x08000b30      0x108 CMakeFiles/slc.dir/base/C_/Auvetra/freertos_blink/simplicity_sdk_2026.6.1/platform_core/platform/emlib/src/em_cmu.c.obj
 .text.BUS_RegMaskedWrite
                0x08000c38       0x34 CMakeFiles/slc.dir/base/C_/Auvetra/freertos_blink/simplicity_sdk_2026.6.1/platform_core/platform/emlib/src/em_cmu.c.obj
 .text.CMU_ClockDivGet
                0x08000c6c       0x78 CMakeFiles/slc.dir/base/C_/Auvetra/freertos_blink/simplicity_sdk_2026.6.1/platform_core/platform/emlib/src/em_cmu.c.obj
                0x08000c6c                CMU_ClockDivGet
 .text.flashWaitStateControl
                0x08000ce4       0x58 CMakeFiles/slc.dir/base/C_/Auvetra/freertos_blink/simplicity_sdk_2026.6.1/platform_core/platform/emlib/src/em_cmu.c.obj
 .text.CMU_ClockFreqGet
                0x08000d3c      0x2d8 CMakeFiles/slc.dir/base/C_/Auvetra/freertos_blink/simplicity_sdk_2026.6.1/platform_core/platform/emlib/src/em_cmu.c.obj
                0x08000d3c                CMU_ClockFreqGet
 .text.rhclkPrescOptimize
                0x08001014       0x20 CMakeFiles/slc.dir/base/C_/Auvetra/freertos_blink/simplicity_sdk_2026.6.1/platform_core/platform/emlib/src/em_cmu.c.obj
 .text.CMU_ClockSelectGet
                0x08001034      0x2a0 CMakeFiles/slc.dir/base/C_/Auvetra/freertos_blink/simplicity_sdk_2026.6.1/platform_core/platform/emlib/src/em_cmu.c.obj
                0x08001034                CMU_ClockSelectGet
 .text.sli_em_cmu_SYSTICEXTCLKENClear
                0x080012d4       0x30 CMakeFiles/slc.dir/base/C_/Auvetra/freertos_blink/simplicity_sdk_2026.6.1/platform_core/platform/emlib/src/em_cmu.c.obj
                0x080012d4                sli_em_cmu_SYSTICEXTCLKENClear
 .text.CMU_HFXOInit
                0x08001304      0x23c CMakeFiles/slc.dir/base/C_/Auvetra/freertos_blink/simplicity_sdk_2026.6.1/platform_core/platform/emlib/src/em_cmu.c.obj
                0x08001304                CMU_HFXOInit
 .text.CMU_HFXOCTuneDeltaGet
                0x08001540        0xc CMakeFiles/slc.dir/base/C_/Auvetra/freertos_blink/simplicity_sdk_2026.6.1/platform_core/platform/emlib/src/em_cmu.c.obj
                0x08001540                CMU_HFXOCTuneDeltaGet
 .text.CMU_LFXOInit
                0x0800154c       0xc4 CMakeFiles/slc.dir/base/C_/Auvetra/freertos_blink/simplicity_sdk_2026.6.1/platform_core/platform/emlib/src/em_cmu.c.obj
                0x0800154c                CMU_LFXOInit
 .text.CMU_LFXOPrecisionSet
                0x08001610        0xc CMakeFiles/slc.dir/base/C_/Auvetra/freertos_blink/simplicity_sdk_2026.6.1/platform_core/platform/emlib/src/em_cmu.c.obj
                0x08001610                CMU_LFXOPrecisionSet
 .text.CMU_HFXOPrecisionSet
                0x0800161c        0xc CMakeFiles/slc.dir/base/C_/Auvetra/freertos_blink/simplicity_sdk_2026.6.1/platform_core/platform/emlib/src/em_cmu.c.obj
                0x0800161c                CMU_HFXOPrecisionSet
 .text.CMU_ClockDivSet
                0x08001628      0x12c CMakeFiles/slc.dir/base/C_/Auvetra/freertos_blink/simplicity_sdk_2026.6.1/platform_core/platform/emlib/src/em_cmu.c.obj
                0x08001628                CMU_ClockDivSet
 .text.sli_em_cmu_SYSCLKInitPreClockSelect
                0x08001754       0x30 CMakeFiles/slc.dir/base/C_/Auvetra/freertos_blink/simplicity_sdk_2026.6.1/platform_core/platform/emlib/src/em_cmu.c.obj
                0x08001754                sli_em_cmu_SYSCLKInitPreClockSelect
 .text.pclkDivOptimize
                0x08001784       0x24 CMakeFiles/slc.dir/base/C_/Auvetra/freertos_blink/simplicity_sdk_2026.6.1/platform_core/platform/emlib/src/em_cmu.c.obj
 .text.sli_em_cmu_SYSCLKInitPostClockSelect
                0x080017a8       0x40 CMakeFiles/slc.dir/base/C_/Auvetra/freertos_blink/simplicity_sdk_2026.6.1/platform_core/platform/emlib/src/em_cmu.c.obj
                0x080017a8                sli_em_cmu_SYSCLKInitPostClockSelect
 .text.CMU_HFRCODPLLBandSet
                0x080017e8      0x114 CMakeFiles/slc.dir/base/C_/Auvetra/freertos_blink/simplicity_sdk_2026.6.1/platform_core/platform/emlib/src/em_cmu.c.obj
                0x080017e8                CMU_HFRCODPLLBandSet
 .text.CMU_HFRCOEM23BandSet
                0x080018fc      0x12c CMakeFiles/slc.dir/base/C_/Auvetra/freertos_blink/simplicity_sdk_2026.6.1/platform_core/platform/emlib/src/em_cmu.c.obj
                0x080018fc                CMU_HFRCOEM23BandSet
 .text.EMU_DCDCSync
                0x08001a28       0x10 CMakeFiles/slc.dir/base/C_/Auvetra/freertos_blink/simplicity_sdk_2026.6.1/platform_core/platform/emlib/src/em_emu.c.obj
 .text.EMU_EM4Init
                0x08001a38       0x14 CMakeFiles/slc.dir/base/C_/Auvetra/freertos_blink/simplicity_sdk_2026.6.1/platform_core/platform/emlib/src/em_emu.c.obj
                0x08001a38                EMU_EM4Init
 .text.EMU_VScaleEM01
                0x08001a4c       0xa8 CMakeFiles/slc.dir/base/C_/Auvetra/freertos_blink/simplicity_sdk_2026.6.1/platform_core/platform/emlib/src/em_emu.c.obj
                0x08001a4c                EMU_VScaleEM01
 .text.EMU_VScaleEM01ByClock
                0x08001af4       0x30 CMakeFiles/slc.dir/base/C_/Auvetra/freertos_blink/simplicity_sdk_2026.6.1/platform_core/platform/emlib/src/em_emu.c.obj
                0x08001af4                EMU_VScaleEM01ByClock
 .text.EMU_DCDCModeSet
                0x08001b24       0xac CMakeFiles/slc.dir/base/C_/Auvetra/freertos_blink/simplicity_sdk_2026.6.1/platform_core/platform/emlib/src/em_emu.c.obj
                0x08001b24                EMU_DCDCModeSet
 .text.EMU_DCDCInit
                0x08001bd0       0x70 CMakeFiles/slc.dir/base/C_/Auvetra/freertos_blink/simplicity_sdk_2026.6.1/platform_core/platform/emlib/src/em_emu.c.obj
                0x08001bd0                EMU_DCDCInit
 .text.EMU_DCDCSetPFMXModePeakCurrent
                0x08001c40       0x6c CMakeFiles/slc.dir/base/C_/Auvetra/freertos_blink/simplicity_sdk_2026.6.1/platform_core/platform/emlib/src/em_emu.c.obj
                0x08001c40                EMU_DCDCSetPFMXModePeakCurrent
 .text.sl_hal_gpio_clear_pin
                0x08001cac       0x5c CMakeFiles/slc.dir/base/C_/Auvetra/freertos_blink/simplicity_sdk_2026.6.1/platform_core/platform/peripheral/src/sl_hal_gpio.c.obj
                0x08001cac                sl_hal_gpio_clear_pin
 .text.sl_hal_gpio_get_pin_output
                0x08001d08       0x60 CMakeFiles/slc.dir/base/C_/Auvetra/freertos_blink/simplicity_sdk_2026.6.1/platform_core/platform/peripheral/src/sl_hal_gpio.c.obj
                0x08001d08                sl_hal_gpio_get_pin_output
 .text.sl_hal_gpio_get_enabled_pending_interrupts
                0x08001d68       0x14 CMakeFiles/slc.dir/base/C_/Auvetra/freertos_blink/simplicity_sdk_2026.6.1/platform_core/platform/peripheral/src/sl_hal_gpio.c.obj
                0x08001d68                sl_hal_gpio_get_enabled_pending_interrupts
 .text.sl_hal_gpio_set_pin_mode
                0x08001d7c       0xe0 CMakeFiles/slc.dir/base/C_/Auvetra/freertos_blink/simplicity_sdk_2026.6.1/platform_core/platform/peripheral/src/sl_hal_gpio.c.obj
                0x08001d7c                sl_hal_gpio_set_pin_mode
 .text.sl_hal_sysrtc_wait_ready
                0x08001e5c       0x1c CMakeFiles/slc.dir/base/C_/Auvetra/freertos_blink/simplicity_sdk_2026.6.1/platform_core/platform/peripheral/src/sl_hal_sysrtc.c.obj
                0x08001e5c                sl_hal_sysrtc_wait_ready
 .text.sl_hal_sysrtc_stop
                0x08001e78       0x24 CMakeFiles/slc.dir/base/C_/Auvetra/freertos_blink/simplicity_sdk_2026.6.1/platform_core/platform/peripheral/src/sl_hal_sysrtc.c.obj
                0x08001e78                sl_hal_sysrtc_stop
 .text.sl_hal_sysrtc_enable
                0x08001e9c       0x18 CMakeFiles/slc.dir/base/C_/Auvetra/freertos_blink/simplicity_sdk_2026.6.1/platform_core/platform/peripheral/src/sl_hal_sysrtc.c.obj
                0x08001e9c                sl_hal_sysrtc_enable
 .text.sl_hal_sysrtc_disable
                0x08001eb4       0x1c CMakeFiles/slc.dir/base/C_/Auvetra/freertos_blink/simplicity_sdk_2026.6.1/platform_core/platform/peripheral/src/sl_hal_sysrtc.c.obj
                0x08001eb4                sl_hal_sysrtc_disable
 .text.sl_hal_sysrtc_init
                0x08001ed0       0x24 CMakeFiles/slc.dir/base/C_/Auvetra/freertos_blink/simplicity_sdk_2026.6.1/platform_core/platform/peripheral/src/sl_hal_sysrtc.c.obj
                0x08001ed0                sl_hal_sysrtc_init
 .text.sl_hal_sysrtc_init_group
                0x08001ef4       0x44 CMakeFiles/slc.dir/base/C_/Auvetra/freertos_blink/simplicity_sdk_2026.6.1/platform_core/platform/peripheral/src/sl_hal_sysrtc_subsystem.c.obj
                0x08001ef4                sl_hal_sysrtc_init_group
 .text.sli_clock_manager_hal_init
                0x08001f38      0x260 CMakeFiles/slc.dir/base/C_/Auvetra/freertos_blink/simplicity_sdk_2026.6.1/platform_core/platform/service/clock_manager/src/sl_clock_manager_init_hal_s2.c.obj
                0x08001f38                sli_clock_manager_hal_init
 .text.sl_device_init_dcdc
                0x08002198       0x2c CMakeFiles/slc.dir/base/C_/Auvetra/freertos_blink/simplicity_sdk_2026.6.1/platform_core/platform/service/device_init/src/sl_device_init_dcdc_s2.c.obj
                0x08002198                sl_device_init_dcdc
 .text.sl_device_init_emu
                0x080021c4       0x24 CMakeFiles/slc.dir/base/C_/Auvetra/freertos_blink/simplicity_sdk_2026.6.1/platform_core/platform/service/device_init/src/sl_device_init_emu_s2.c.obj
                0x080021c4                sl_device_init_emu
 .text.sl_interrupt_manager_enable_irq
                0x080021e8       0x34 CMakeFiles/slc.dir/base/C_/Auvetra/freertos_blink/simplicity_sdk_2026.6.1/platform_core/platform/service/interrupt_manager/src/sl_interrupt_manager_cortexm.c.obj
                0x080021e8                sl_interrupt_manager_enable_irq
 .text.sl_interrupt_manager_is_irq_disabled
                0x0800221c       0x30 CMakeFiles/slc.dir/base/C_/Auvetra/freertos_blink/simplicity_sdk_2026.6.1/platform_core/platform/service/interrupt_manager/src/sl_interrupt_manager_cortexm.c.obj
                0x0800221c                sl_interrupt_manager_is_irq_disabled
 .text.sl_interrupt_manager_clear_irq_pending
                0x0800224c       0x1c CMakeFiles/slc.dir/base/C_/Auvetra/freertos_blink/simplicity_sdk_2026.6.1/platform_core/platform/service/interrupt_manager/src/sl_interrupt_manager_cortexm.c.obj
                0x0800224c                sl_interrupt_manager_clear_irq_pending
 .text.sl_interrupt_manager_set_irq_priority
                0x08002268       0x54 CMakeFiles/slc.dir/base/C_/Auvetra/freertos_blink/simplicity_sdk_2026.6.1/platform_core/platform/service/interrupt_manager/src/sl_interrupt_manager_cortexm.c.obj
                0x08002268                sl_interrupt_manager_set_irq_priority
 .text.sl_interrupt_manager_init
                0x080022bc       0x34 CMakeFiles/slc.dir/base/C_/Auvetra/freertos_blink/simplicity_sdk_2026.6.1/platform_core/platform/service/interrupt_manager/src/sl_interrupt_manager_cortexm.c.obj
                0x080022bc                sl_interrupt_manager_init
 .text.sl_memory_init
                0x080022f0       0x3c CMakeFiles/slc.dir/base/C_/Auvetra/freertos_blink/simplicity_sdk_2026.6.1/platform_core/platform/service/memory_manager/src/sl_memory_manager.c.obj
                0x080022f0                sl_memory_init
 .text.sl_memory_heap_alloc_advanced
                0x0800232c      0x214 CMakeFiles/slc.dir/base/C_/Auvetra/freertos_blink/simplicity_sdk_2026.6.1/platform_core/platform/service/memory_manager/src/sl_memory_manager.c.obj
                0x0800232c                sl_memory_heap_alloc_advanced
 .text.sl_memory_alloc_advanced
                0x08002540       0x1c CMakeFiles/slc.dir/base/C_/Auvetra/freertos_blink/simplicity_sdk_2026.6.1/platform_core/platform/service/memory_manager/src/sl_memory_manager.c.obj
                0x08002540                sl_memory_alloc_advanced
 .text.sl_memory_get_heap_region
                0x0800255c       0x10 CMakeFiles/slc.dir/base/C_/Auvetra/freertos_blink/simplicity_sdk_2026.6.1/platform_core/platform/service/memory_manager/src/sl_memory_manager_region.c.obj
                0x0800255c                sl_memory_get_heap_region
 .text.sli_memory_initialize_heap_region
                0x0800256c       0x1c CMakeFiles/slc.dir/base/C_/Auvetra/freertos_blink/simplicity_sdk_2026.6.1/platform_core/platform/service/memory_manager/src/sl_memory_manager_region.c.obj
                0x0800256c                sli_memory_initialize_heap_region
 .text.sli_memory_find_head_free_block
                0x08002588       0x4c CMakeFiles/slc.dir/base/C_/Auvetra/freertos_blink/simplicity_sdk_2026.6.1/platform_core/platform/service/memory_manager/src/sli_memory_manager_common.c.obj
                0x08002588                sli_memory_find_head_free_block
 .text.sli_memory_create_heap
                0x080025d4       0x5c CMakeFiles/slc.dir/base/C_/Auvetra/freertos_blink/simplicity_sdk_2026.6.1/platform_core/platform/service/memory_manager/src/sli_memory_manager_common.c.obj
                0x080025d4                sli_memory_create_heap
 .text.start_task_handler
                0x08002630       0x18 CMakeFiles/slc.dir/base/C_/Auvetra/freertos_blink/simplicity_sdk_2026.6.1/platform_core/platform/service/sl_main/src/sl_main_kernel.c.obj
 .text.sli_main_kernel_start_task_initialize
                0x08002648       0x4c CMakeFiles/slc.dir/base/C_/Auvetra/freertos_blink/simplicity_sdk_2026.6.1/platform_core/platform/service/sl_main/src/sl_main_kernel.c.obj
                0x08002648                sli_main_kernel_start_task_initialize
 .text.sl_sleeptimer_init
                0x08002694       0x74 CMakeFiles/slc.dir/base/C_/Auvetra/freertos_blink/simplicity_sdk_2026.6.1/platform_core/platform/service/sleeptimer/src/sl_sleeptimer.c.obj
                0x08002694                sl_sleeptimer_init
 .text.sleeptimer_hal_init_timer
                0x08002708       0x6c CMakeFiles/slc.dir/base/C_/Auvetra/freertos_blink/simplicity_sdk_2026.6.1/platform_core/platform/service/sleeptimer/src/sl_sleeptimer_hal_sysrtc.c.obj
                0x08002708                sleeptimer_hal_init_timer
 .text.sl_simple_led_init_instances
                0x08002774        0xc CMakeFiles/slc.dir/base/C_/Auvetra/freertos_blink/autogen/sl_simple_led_instances.c.obj
                0x08002774                sl_simple_led_init_instances
 .text.blink_task
                0x08002780       0x18 CMakeFiles/slc.dir/base/C_/Auvetra/freertos_blink/blink.c.obj
 .text.blink_init
                0x08002798       0x44 CMakeFiles/slc.dir/base/C_/Auvetra/freertos_blink/blink.c.obj
                0x08002798                blink_init
 .text          0x080027dc       0x30 C:/Users/kanis/.silabs/slt/installs/conan/p/gcc-a999d2e027337f/p/bin/../lib/gcc/arm-none-eabi/14.2.1/thumb/v8-m.main+fp/hard\libgcc.a(_aeabi_uldivmod.o)
                0x080027dc                __aeabi_uldivmod
 .text.__udivmoddi4
                0x0800280c      0x34c C:/Users/kanis/.silabs/slt/installs/conan/p/gcc-a999d2e027337f/p/bin/../lib/gcc/arm-none-eabi/14.2.1/thumb/v8-m.main+fp/hard\libgcc.a(_udivmoddi4.o)
                0x0800280c                __udivmoddi4
 .text          0x08002b58        0x4 C:/Users/kanis/.silabs/slt/installs/conan/p/gcc-a999d2e027337f/p/bin/../lib/gcc/arm-none-eabi/14.2.1/thumb/v8-m.main+fp/hard\libgcc.a(_dvmd_tls.o)
                0x08002b58                __aeabi_idiv0
                0x08002b58                __aeabi_ldiv0
 .text.exit     0x08002b5c       0x24 C:/Users/kanis/.silabs/slt/installs/conan/p/gcc-a999d2e027337f/p/bin/../lib/gcc/arm-none-eabi/14.2.1/../../../../arm-none-eabi/lib/thumb/v8-m.main+fp/hard\libc_nano.a(libc_a-exit.o)
                0x08002b5c                exit
 .text.__errno  0x08002b80        0xc C:/Users/kanis/.silabs/slt/installs/conan/p/gcc-a999d2e027337f/p/bin/../lib/gcc/arm-none-eabi/14.2.1/../../../../arm-none-eabi/lib/thumb/v8-m.main+fp/hard\libc_nano.a(libc_a-errno.o)
                0x08002b80                __errno
 .text.__libc_init_array
                0x08002b8c       0x48 C:/Users/kanis/.silabs/slt/installs/conan/p/gcc-a999d2e027337f/p/bin/../lib/gcc/arm-none-eabi/14.2.1/../../../../arm-none-eabi/lib/thumb/v8-m.main+fp/hard\libc_nano.a(libc_a-init.o)
                0x08002b8c                __libc_init_array
 .text.sl_board_configure_vcom
                0x08002bd4        0x4 CMakeFiles/slc.dir/base/C_/Auvetra/freertos_blink/simplicity_sdk_2026.6.1/boards/hardware/board/src/sl_board_control_gpio.c.obj
                0x08002bd4                sl_board_configure_vcom
 .text.assertEFM
                0x08002bd8        0x2 CMakeFiles/slc.dir/base/C_/Auvetra/freertos_blink/simplicity_sdk_2026.6.1/platform_core/platform/common/src/sl_assert.c.obj
                0x08002bd8                assertEFM
 .text._exit    0x08002bda        0x2 CMakeFiles/slc.dir/base/C_/Auvetra/freertos_blink/simplicity_sdk_2026.6.1/platform_core/platform/common/src/sl_syscalls.c.obj
                0x08002bda                _exit
 .text.Reset_Handler
                0x08002bdc        0x4 CMakeFiles/slc.dir/base/C_/Auvetra/freertos_blink/simplicity_sdk_2026.6.1/platform_core/platform/Device/SiliconLabs/EFR32ZG28/Source/startup_efr32zg28.c.obj
                0x08002bdc                Reset_Handler
 .text.Default_Handler
                0x08002be0        0x2 CMakeFiles/slc.dir/base/C_/Auvetra/freertos_blink/simplicity_sdk_2026.6.1/platform_core/platform/Device/SiliconLabs/EFR32ZG28/Source/startup_efr32zg28.c.obj
                0x08002be0                ULFRCO_IRQHandler
                0x08002be0                AHB2AHB1_IRQHandler
                0x08002be0                SW2_IRQHandler
                0x08002be0                TIMER2_IRQHandler
                0x08002be0                DebugMon_Handler
                0x08002be0                USART0_TX_IRQHandler
                0x08002be0                IADC_IRQHandler
                0x08002be0                EUSART0_TX_IRQHandler
                0x08002be0                I2C0_IRQHandler
                0x08002be0                LFXO_IRQHandler
                0x08002be0                HardFault_Handler
                0x08002be0                SMU_SECURE_IRQHandler
                0x08002be0                SYSRTC_SEQ_IRQHandler
                0x08002be0                EMUEFP_IRQHandler
                0x08002be0                EUSART2_TX_IRQHandler
                0x08002be0                NMI_Handler
                0x08002be0                SYNTH_IRQHandler
                0x08002be0                HOSTMAILBOX_IRQHandler
                0x08002be0                HFXO0_IRQHandler
                0x08002be0                I2C1_IRQHandler
                0x08002be0                WDOG0_IRQHandler
                0x08002be0                TIMER3_IRQHandler
                0x08002be0                SYSCFG_IRQHandler
                0x08002be0                RFECA1_IRQHandler
                0x08002be0                EMUDG_IRQHandler
                0x08002be0                MSC_IRQHandler
                0x08002be0                DPLL0_IRQHandler
                0x08002be0                UsageFault_Handler
                0x08002be0                WDOG1_IRQHandler
                0x08002be0                M33CTI1_IRQHandler
                0x08002be0                TIMER4_IRQHandler
                0x08002be0                VDAC0_IRQHandler
                0x08002be0                LDMA_IRQHandler
                0x08002be0                SEMBTX_IRQHandler
                0x08002be0                SW0_IRQHandler
                0x08002be0                TIMER0_IRQHandler
                0x08002be0                LCD_IRQHandler
                0x08002be0                MVP_IRQHandler
                0x08002be0                LETIMER0_IRQHandler
                0x08002be0                EUSART1_RX_IRQHandler
                0x08002be0                TIMER1_IRQHandler
                0x08002be0                HFRCO0_IRQHandler
                0x08002be0                SecureFault_Handler
                0x08002be0                BUFC_IRQHandler
                0x08002be0                DCDC_IRQHandler
                0x08002be0                MODEM_IRQHandler
                0x08002be0                Default_Handler
                0x08002be0                RAC_SEQ_IRQHandler
                0x08002be0                FRC_PRI_IRQHandler
                0x08002be0                EMU_IRQHandler
                0x08002be0                SW3_IRQHandler
                0x08002be0                KERNEL0_IRQHandler
                0x08002be0                FRC_IRQHandler
                0x08002be0                PCNT0_IRQHandler
                0x08002be0                KERNEL1_IRQHandler
                0x08002be0                AGC_IRQHandler
                0x08002be0                EUSART1_TX_IRQHandler
                0x08002be0                KEYSCAN_IRQHandler
                0x08002be0                sl_app_properties
                0x08002be0                HFRCOEM23_IRQHandler
                0x08002be0                BURTC_IRQHandler
                0x08002be0                SEMBRX_IRQHandler
                0x08002be0                RFECA0_IRQHandler
                0x08002be0                LFRCO_IRQHandler
                0x08002be0                ACMP0_IRQHandler
                0x08002be0                USART0_RX_IRQHandler
                0x08002be0                MemManage_Handler
                0x08002be0                AHB2AHB0_IRQHandler
                0x08002be0                EUSART2_RX_IRQHandler
                0x08002be0                SMU_S_PRIVILEGED_IRQHandler
                0x08002be0                SW1_IRQHandler
                0x08002be0                CMU_IRQHandler
                0x08002be0                EUSART0_RX_IRQHandler
                0x08002be0                RAC_RSM_IRQHandler
                0x08002be0                SETAMPERHOST_IRQHandler
                0x08002be0                LESENSE_IRQHandler
                0x08002be0                AES_IRQHandler
                0x08002be0                M33CTI0_IRQHandler
                0x08002be0                ICACHE0_IRQHandler
                0x08002be0                SMU_NS_PRIVILEGED_IRQHandler
                0x08002be0                FPUEXH_IRQHandler
                0x08002be0                PROTIMER_IRQHandler
                0x08002be0                ACMP1_IRQHandler
                0x08002be0                BusFault_Handler
                0x08002be0                MPAHBRAM_IRQHandler
 .text.CopyMemory
                0x08002be2       0x1a CMakeFiles/slc.dir/base/C_/Auvetra/freertos_blink/simplicity_sdk_2026.6.1/platform_core/platform/Device/SiliconLabs/EFR32ZG28/Source/startup_efr32zg28.c.obj
                0x08002be2                CopyMemory
 .text.sl_led_init
                0x08002bfc        0x6 CMakeFiles/slc.dir/base/C_/Auvetra/freertos_blink/simplicity_sdk_2026.6.1/platform_core/platform/driver/leddrv/src/sl_led.c.obj
                0x08002bfc                sl_led_init
 .text.sl_led_toggle
                0x08002c02        0x6 CMakeFiles/slc.dir/base/C_/Auvetra/freertos_blink/simplicity_sdk_2026.6.1/platform_core/platform/driver/leddrv/src/sl_led.c.obj
                0x08002c02                sl_led_toggle
 .text.sl_simple_led_turn_on
                0x08002c08       0x24 CMakeFiles/slc.dir/base/C_/Auvetra/freertos_blink/simplicity_sdk_2026.6.1/platform_core/platform/driver/leddrv/src/sl_simple_led.c.obj
                0x08002c08                sl_simple_led_turn_on
 .text.sl_simple_led_turn_off
                0x08002c2c       0x24 CMakeFiles/slc.dir/base/C_/Auvetra/freertos_blink/simplicity_sdk_2026.6.1/platform_core/platform/driver/leddrv/src/sl_simple_led.c.obj
                0x08002c2c                sl_simple_led_turn_off
 .text.sl_simple_led_toggle
                0x08002c50       0x1a CMakeFiles/slc.dir/base/C_/Auvetra/freertos_blink/simplicity_sdk_2026.6.1/platform_core/platform/driver/leddrv/src/sl_simple_led.c.obj
                0x08002c50                sl_simple_led_toggle
 .text.sl_simple_led_get_state
                0x08002c6a       0x2c CMakeFiles/slc.dir/base/C_/Auvetra/freertos_blink/simplicity_sdk_2026.6.1/platform_core/platform/driver/leddrv/src/sl_simple_led.c.obj
                0x08002c6a                sl_simple_led_get_state
 .text.waitStateMax
                0x08002c96       0x10 CMakeFiles/slc.dir/base/C_/Auvetra/freertos_blink/simplicity_sdk_2026.6.1/platform_core/platform/emlib/src/em_cmu.c.obj
 .text.CMU_UpdateWaitStates
                0x08002ca6        0xc CMakeFiles/slc.dir/base/C_/Auvetra/freertos_blink/simplicity_sdk_2026.6.1/platform_core/platform/emlib/src/em_cmu.c.obj
                0x08002ca6                CMU_UpdateWaitStates
 .text.pclkDivMax
                0x08002cb2        0xa CMakeFiles/slc.dir/base/C_/Auvetra/freertos_blink/simplicity_sdk_2026.6.1/platform_core/platform/emlib/src/em_cmu.c.obj
 .text.EMU_EFPEM01VScale
                0x08002cbc        0x2 CMakeFiles/slc.dir/base/C_/Auvetra/freertos_blink/simplicity_sdk_2026.6.1/platform_core/platform/emlib/src/em_emu.c.obj
                0x08002cbc                EMU_EFPEM01VScale
 .text.EMU_DCDCUpdatedHook
                0x08002cbe        0x2 CMakeFiles/slc.dir/base/C_/Auvetra/freertos_blink/simplicity_sdk_2026.6.1/platform_core/platform/emlib/src/em_emu.c.obj
                0x08002cbe                EMU_DCDCUpdatedHook
 .text.sl_hal_bus_reg_write_mask
                0x08002cc0       0x1e CMakeFiles/slc.dir/base/C_/Auvetra/freertos_blink/simplicity_sdk_2026.6.1/platform_core/platform/peripheral/src/sl_hal_gpio.c.obj
 .text.sl_hal_system_init
                0x08002cde        0x2 CMakeFiles/slc.dir/base/C_/Auvetra/freertos_blink/simplicity_sdk_2026.6.1/platform_core/platform/peripheral/src/sl_hal_system.c.obj
                0x08002cde                sl_hal_system_init
 .text.sl_clock_manager_runtime_init
                0x08002ce0        0x4 CMakeFiles/slc.dir/base/C_/Auvetra/freertos_blink/simplicity_sdk_2026.6.1/platform_core/platform/service/clock_manager/src/sl_clock_manager.c.obj
                0x08002ce0                sl_clock_manager_runtime_init
 .text.sli_clock_manager_hal_runtime_init
                0x08002ce4        0x4 CMakeFiles/slc.dir/base/C_/Auvetra/freertos_blink/simplicity_sdk_2026.6.1/platform_core/platform/service/clock_manager/src/sl_clock_manager_hal_s2.c.obj
                0x08002ce4                sli_clock_manager_hal_runtime_init
 .text.sl_clock_manager_init
                0x08002ce8        0x4 CMakeFiles/slc.dir/base/C_/Auvetra/freertos_blink/simplicity_sdk_2026.6.1/platform_core/platform/service/clock_manager/src/sl_clock_manager_init.c.obj
                0x08002ce8                sl_clock_manager_init
 .text.memory_manage_data_alignment
                0x08002cec       0x8e CMakeFiles/slc.dir/base/C_/Auvetra/freertos_blink/simplicity_sdk_2026.6.1/platform_core/platform/service/memory_manager/src/sl_memory_manager.c.obj
 .text.sl_malloc
                0x08002d7a       0x3e CMakeFiles/slc.dir/base/C_/Auvetra/freertos_blink/simplicity_sdk_2026.6.1/platform_core/platform/service/memory_manager/src/sl_memory_manager.c.obj
                0x08002d7a                sl_malloc
 .text.sli_memory_metadata_init
                0x08002db8        0x8 CMakeFiles/slc.dir/base/C_/Auvetra/freertos_blink/simplicity_sdk_2026.6.1/platform_core/platform/service/memory_manager/src/sli_memory_manager_common.c.obj
                0x08002db8                sli_memory_metadata_init
 .text.sli_memory_find_free_block
                0x08002dc0       0x94 CMakeFiles/slc.dir/base/C_/Auvetra/freertos_blink/simplicity_sdk_2026.6.1/platform_core/platform/service/memory_manager/src/sli_memory_manager_common.c.obj
                0x08002dc0                sli_memory_find_free_block
 .text.sli_update_free_list_heads
                0x08002e54       0x60 CMakeFiles/slc.dir/base/C_/Auvetra/freertos_blink/simplicity_sdk_2026.6.1/platform_core/platform/service/memory_manager/src/sli_memory_manager_common.c.obj
                0x08002e54                sli_update_free_list_heads
 .text.__wrap_main
                0x08002eb4        0xc CMakeFiles/slc.dir/base/C_/Auvetra/freertos_blink/simplicity_sdk_2026.6.1/platform_core/platform/service/sl_main/src/rtos/main_retarget.c.obj
                0x08002eb4                __wrap_main
 .text.app_init_pre_clock
                0x08002ec0        0x2 CMakeFiles/slc.dir/base/C_/Auvetra/freertos_blink/simplicity_sdk_2026.6.1/platform_core/platform/service/sl_main/src/sl_main_init.c.obj
                0x08002ec0                app_init_pre_clock
 .text.app_init_early
                0x08002ec2        0x2 CMakeFiles/slc.dir/base/C_/Auvetra/freertos_blink/simplicity_sdk_2026.6.1/platform_core/platform/service/sl_main/src/sl_main_init.c.obj
                0x08002ec2                app_init_early
 .text.app_init_post_platform
                0x08002ec4        0x2 CMakeFiles/slc.dir/base/C_/Auvetra/freertos_blink/simplicity_sdk_2026.6.1/platform_core/platform/service/sl_main/src/sl_main_init.c.obj
                0x08002ec4                app_init_post_platform
 .text.app_process_action
                0x08002ec6        0x2 CMakeFiles/slc.dir/base/C_/Auvetra/freertos_blink/simplicity_sdk_2026.6.1/platform_core/platform/service/sl_main/src/sl_main_init.c.obj
                0x08002ec6                app_process_action
 .text.sl_main_second_stage_init
                0x08002ec8       0x1e CMakeFiles/slc.dir/base/C_/Auvetra/freertos_blink/simplicity_sdk_2026.6.1/platform_core/platform/service/sl_main/src/sl_main_init.c.obj
                0x08002ec8                sl_main_second_stage_init
 .text.sl_main_init
                0x08002ee6       0x3a CMakeFiles/slc.dir/base/C_/Auvetra/freertos_blink/simplicity_sdk_2026.6.1/platform_core/platform/service/sl_main/src/sl_main_init.c.obj
                0x08002ee6                sl_main_init
 .text.app_permanent_memory_alloc
                0x08002f20        0x2 CMakeFiles/slc.dir/base/C_/Auvetra/freertos_blink/simplicity_sdk_2026.6.1/platform_core/platform/service/sl_main/src/sl_main_init_memory.c.obj
                0x08002f20                app_permanent_memory_alloc
 .text.sli_allocate_permanent_memory
                0x08002f22       0x18 CMakeFiles/slc.dir/base/C_/Auvetra/freertos_blink/simplicity_sdk_2026.6.1/platform_core/platform/service/sl_main/src/sl_main_init_memory.c.obj
                0x08002f22                sli_allocate_permanent_memory
 .text.sl_main_kernel_start
                0x08002f3a        0x4 CMakeFiles/slc.dir/base/C_/Auvetra/freertos_blink/simplicity_sdk_2026.6.1/platform_core/platform/service/sl_main/src/sl_main_kernel.c.obj
                0x08002f3a                sl_main_kernel_start
 .text.sl_main_start_task_should_continue
                0x08002f3e        0x4 CMakeFiles/slc.dir/base/C_/Auvetra/freertos_blink/simplicity_sdk_2026.6.1/platform_core/platform/service/sl_main/src/sl_main_kernel.c.obj
                0x08002f3e                sl_main_start_task_should_continue
 .text.app_init
                0x08002f42        0x4 CMakeFiles/slc.dir/base/C_/Auvetra/freertos_blink/app.c.obj
                0x08002f42                app_init
 .text.sl_board_default_init
                0x08002f46        0x2 CMakeFiles/slc.dir/base/C_/Auvetra/freertos_blink/autogen/sl_board_default_init.c.obj
                0x08002f46                sl_board_default_init
 .text.sli_driver_permanent_allocation
                0x08002f48        0x2 CMakeFiles/slc.dir/base/C_/Auvetra/freertos_blink/autogen/sl_event_handler.c.obj
                0x08002f48                sli_driver_permanent_allocation
 .text.sli_service_permanent_allocation
                0x08002f4a        0x2 CMakeFiles/slc.dir/base/C_/Auvetra/freertos_blink/autogen/sl_event_handler.c.obj
                0x08002f4a                sli_service_permanent_allocation
 .text.sli_stack_permanent_allocation
                0x08002f4c        0x2 CMakeFiles/slc.dir/base/C_/Auvetra/freertos_blink/autogen/sl_event_handler.c.obj
                0x08002f4c                sli_stack_permanent_allocation
 .text.sli_internal_permanent_allocation
                0x08002f4e        0x2 CMakeFiles/slc.dir/base/C_/Auvetra/freertos_blink/autogen/sl_event_handler.c.obj
                0x08002f4e                sli_internal_permanent_allocation
 .text.sl_platform_init
                0x08002f50       0x12 CMakeFiles/slc.dir/base/C_/Auvetra/freertos_blink/autogen/sl_event_handler.c.obj
                0x08002f50                sl_platform_init
 .text.sli_internal_init_early
                0x08002f62        0x2 CMakeFiles/slc.dir/base/C_/Auvetra/freertos_blink/autogen/sl_event_handler.c.obj
                0x08002f62                sli_internal_init_early
 .text.sl_kernel_start
                0x08002f64        0x4 CMakeFiles/slc.dir/base/C_/Auvetra/freertos_blink/autogen/sl_event_handler.c.obj
                0x08002f64                sl_kernel_start
 .text.sl_driver_init
                0x08002f68        0xe CMakeFiles/slc.dir/base/C_/Auvetra/freertos_blink/autogen/sl_event_handler.c.obj
                0x08002f68                sl_driver_init
 .text.sl_service_init
                0x08002f76        0x4 CMakeFiles/slc.dir/base/C_/Auvetra/freertos_blink/autogen/sl_event_handler.c.obj
                0x08002f76                sl_service_init
 .text.sl_stack_init
                0x08002f7a        0x2 CMakeFiles/slc.dir/base/C_/Auvetra/freertos_blink/autogen/sl_event_handler.c.obj
                0x08002f7a                sl_stack_init
 .text.sl_internal_app_init
                0x08002f7c        0x2 CMakeFiles/slc.dir/base/C_/Auvetra/freertos_blink/autogen/sl_event_handler.c.obj
                0x08002f7c                sl_internal_app_init
 .text.startup.main
                0x08002f7e       0x18 CMakeFiles/slc.dir/base/C_/Auvetra/freertos_blink/main.c.obj
                0x08002f7e                main
 .text.memset   0x08002f96       0x10 C:/Users/kanis/.silabs/slt/installs/conan/p/gcc-a999d2e027337f/p/bin/../lib/gcc/arm-none-eabi/14.2.1/../../../../arm-none-eabi/lib/thumb/v8-m.main+fp/hard\libc_nano.a(libc_a-memset.o)
                0x08002f96                memset
 .text.memcpy   0x08002fa6       0x1a C:/Users/kanis/.silabs/slt/installs/conan/p/gcc-a999d2e027337f/p/bin/../lib/gcc/arm-none-eabi/14.2.1/../../../../arm-none-eabi/lib/thumb/v8-m.main+fp/hard\libc_nano.a(libc_a-memcpy-stub.o)
                0x08002fa6                memcpy
 *(SORT_BY_ALIGNMENT(text_*))
 text_freertos_kernel_timecritical176205
                0x08002fc0       0x2c CMakeFiles/slc.dir/base/C_/Auvetra/freertos_blink/simplicity_sdk_2026.6.1/freertos/cmsis/Source/cmsis_os2.c.obj
                0x08002fc0                osKernelInitialize
 text_freertos_kernel_timecritical179294
                0x08002fec       0x38 CMakeFiles/slc.dir/base/C_/Auvetra/freertos_blink/simplicity_sdk_2026.6.1/freertos/cmsis/Source/cmsis_os2.c.obj
                0x08002fec                osKernelStart
 text_freertos_kernel_timecritical2513000
                0x08003024       0x18 CMakeFiles/slc.dir/base/C_/Auvetra/freertos_blink/simplicity_sdk_2026.6.1/freertos/cmsis/Source/cmsis_os2.c.obj
                0x08003024                vApplicationGetIdleTaskMemory
 text_freertos_kernel_timecritical2523001
                0x0800303c       0x18 CMakeFiles/slc.dir/base/C_/Auvetra/freertos_blink/simplicity_sdk_2026.6.1/freertos/cmsis/Source/cmsis_os2.c.obj
                0x0800303c                vApplicationGetTimerTaskMemory
 text_freertos_kernel_timecritical29131
                0x08003054       0x70 CMakeFiles/slc.dir/base/C_/Auvetra/freertos_blink/simplicity_sdk_2026.6.1/freertos/kernel/portable/GCC/ARM_CM33_NTZ/non_secure/port.c.obj
                0x08003054                pxPortInitialiseStack
 text_freertos_kernel_timecritical111413
                0x080030c4       0x28 CMakeFiles/slc.dir/base/C_/Auvetra/freertos_blink/simplicity_sdk_2026.6.1/freertos/kernel/portable/GCC/ARM_CM33_NTZ/non_secure/port.c.obj
                0x080030c4                vPortSetupTimerInterrupt
 text_freertos_kernel_timecritical38218
                0x080030ec      0x100 CMakeFiles/slc.dir/base/C_/Auvetra/freertos_blink/simplicity_sdk_2026.6.1/freertos/kernel/portable/GCC/ARM_CM33_NTZ/non_secure/port.c.obj
                0x080030ec                xPortStartScheduler
 text_freertos_kernel_timecritical113431
                0x080031ec       0x1c CMakeFiles/slc.dir/base/C_/Auvetra/freertos_blink/simplicity_sdk_2026.6.1/freertos/kernel/portable/GCC/ARM_CM33_NTZ/non_secure/port.c.obj
                0x080031ec                vPortEnterCritical
 text_freertos_kernel_timecritical114436
                0x08003208       0x30 CMakeFiles/slc.dir/base/C_/Auvetra/freertos_blink/simplicity_sdk_2026.6.1/freertos/kernel/portable/GCC/ARM_CM33_NTZ/non_secure/port.c.obj
                0x08003208                vPortExitCritical
 text_freertos_kernel_timecritical116446
                0x08003238       0x38 CMakeFiles/slc.dir/base/C_/Auvetra/freertos_blink/simplicity_sdk_2026.6.1/freertos/kernel/portable/GCC/ARM_CM33_NTZ/non_secure/port.c.obj
                0x08003238                vPortSVCHandler_C
 text_freertos_kernel_timecritical4042
                0x08003270       0x2c CMakeFiles/slc.dir/base/C_/Auvetra/freertos_blink/simplicity_sdk_2026.6.1/freertos/kernel/portable/GCC/ARM_CM33_NTZ/non_secure/portasm.c.obj
                0x08003270                vRestoreContextOfFirstTask
 text_freertos_kernel_timecritical4277
                0x0800329c       0x20 CMakeFiles/slc.dir/base/C_/Auvetra/freertos_blink/simplicity_sdk_2026.6.1/freertos/kernel/portable/GCC/ARM_CM33_NTZ/non_secure/portasm.c.obj
                0x0800329c                vStartFirstTask
 text_freertos_kernel_timecritical4592
                0x080032bc       0x5c CMakeFiles/slc.dir/base/C_/Auvetra/freertos_blink/simplicity_sdk_2026.6.1/freertos/kernel/portable/GCC/ARM_CM33_NTZ/non_secure/portasm.c.obj
                0x080032bc                PendSV_Handler
 text_freertos_kernel_timecritical4697
                0x08003318       0x18 CMakeFiles/slc.dir/base/C_/Auvetra/freertos_blink/simplicity_sdk_2026.6.1/freertos/kernel/portable/GCC/ARM_CM33_NTZ/non_secure/portasm.c.obj
                0x08003318                SVC_Handler
 text_freertos_kernel_timecritical105913
                0x08003330      0x104 CMakeFiles/slc.dir/base/C_/Auvetra/freertos_blink/simplicity_sdk_2026.6.1/freertos/kernel/queue.c.obj
                0x08003330                xQueueReceive
 text_freertos_kernel_timecritical1241563
                0x08003434       0x50 CMakeFiles/slc.dir/base/C_/Auvetra/freertos_blink/simplicity_sdk_2026.6.1/freertos/kernel/queue.c.obj
                0x08003434                vQueueAddToRegistry
 text_freertos_kernel_timecritical1311783
                0x08003484       0x88 CMakeFiles/slc.dir/base/C_/Auvetra/freertos_blink/simplicity_sdk_2026.6.1/freertos/kernel/queue.c.obj
                0x08003484                xQueueGenericReset
 text_freertos_kernel_timecritical1281616
                0x0800350c       0x74 CMakeFiles/slc.dir/base/C_/Auvetra/freertos_blink/simplicity_sdk_2026.6.1/freertos/kernel/queue.c.obj
                0x0800350c                xQueueGenericCreateStatic
 text_freertos_kernel_timecritical128623
                0x08003580       0x9c CMakeFiles/slc.dir/base/C_/Auvetra/freertos_blink/simplicity_sdk_2026.6.1/freertos/kernel/tasks.c.obj
 text_freertos_kernel_timecritical131682
                0x0800361c       0x24 CMakeFiles/slc.dir/base/C_/Auvetra/freertos_blink/simplicity_sdk_2026.6.1/freertos/kernel/tasks.c.obj
 text_freertos_kernel_timecritical126607
                0x08003640       0x38 CMakeFiles/slc.dir/base/C_/Auvetra/freertos_blink/simplicity_sdk_2026.6.1/freertos/kernel/tasks.c.obj
 text_freertos_kernel_timecritical127616
                0x08003678       0x40 CMakeFiles/slc.dir/base/C_/Auvetra/freertos_blink/simplicity_sdk_2026.6.1/freertos/kernel/tasks.c.obj
 text_freertos_kernel_timecritical133712
                0x080036b8      0x100 CMakeFiles/slc.dir/base/C_/Auvetra/freertos_blink/simplicity_sdk_2026.6.1/freertos/kernel/tasks.c.obj
 text_freertos_kernel_timecritical125593
                0x080037b8       0x18 CMakeFiles/slc.dir/base/C_/Auvetra/freertos_blink/simplicity_sdk_2026.6.1/freertos/kernel/tasks.c.obj
 text_freertos_kernel_timecritical132706
                0x080037d0       0x90 CMakeFiles/slc.dir/base/C_/Auvetra/freertos_blink/simplicity_sdk_2026.6.1/freertos/kernel/tasks.c.obj
 text_freertos_kernel_timecritical46507
                0x08003860       0x8c CMakeFiles/slc.dir/base/C_/Auvetra/freertos_blink/simplicity_sdk_2026.6.1/freertos/kernel/tasks.c.obj
                0x08003860                xTaskCreateStatic
 text_freertos_kernel_timecritical47794
                0x080038ec       0xa8 CMakeFiles/slc.dir/base/C_/Auvetra/freertos_blink/simplicity_sdk_2026.6.1/freertos/kernel/tasks.c.obj
                0x080038ec                vTaskDelete
 text_freertos_kernel_timecritical551070
                0x08003994       0x94 CMakeFiles/slc.dir/base/C_/Auvetra/freertos_blink/simplicity_sdk_2026.6.1/freertos/kernel/tasks.c.obj
                0x08003994                eTaskGetState
 text_freertos_kernel_timecritical611507
                0x08003a28       0x98 CMakeFiles/slc.dir/base/C_/Auvetra/freertos_blink/simplicity_sdk_2026.6.1/freertos/kernel/tasks.c.obj
                0x08003a28                vTaskStartScheduler
 text_freertos_kernel_timecritical631618
                0x08003ac0       0x10 CMakeFiles/slc.dir/base/C_/Auvetra/freertos_blink/simplicity_sdk_2026.6.1/freertos/kernel/tasks.c.obj
                0x08003ac0                vTaskSuspendAll
 text_freertos_kernel_timecritical651691
                0x08003ad0        0xc CMakeFiles/slc.dir/base/C_/Auvetra/freertos_blink/simplicity_sdk_2026.6.1/freertos/kernel/tasks.c.obj
                0x08003ad0                xTaskGetTickCount
 text_freertos_kernel_timecritical833471
                0x08003adc      0x180 CMakeFiles/slc.dir/base/C_/Auvetra/freertos_blink/simplicity_sdk_2026.6.1/freertos/kernel/tasks.c.obj
                0x08003adc                xTaskIncrementTick
 text_freertos_kernel_timecritical641674
                0x08003c5c      0x148 CMakeFiles/slc.dir/base/C_/Auvetra/freertos_blink/simplicity_sdk_2026.6.1/freertos/kernel/tasks.c.obj
                0x08003c5c                xTaskResumeAll
 text_freertos_kernel_timecritical48848
                0x08003da4       0x40 CMakeFiles/slc.dir/base/C_/Auvetra/freertos_blink/simplicity_sdk_2026.6.1/freertos/kernel/tasks.c.obj
                0x08003da4                vTaskDelay
 text_freertos_kernel_timecritical843505
                0x08003de4       0x34 CMakeFiles/slc.dir/base/C_/Auvetra/freertos_blink/simplicity_sdk_2026.6.1/freertos/kernel/tasks.c.obj
                0x08003de4                vTaskPlaceOnEventList
 text_freertos_kernel_timecritical863523
                0x08003e18       0x5c CMakeFiles/slc.dir/base/C_/Auvetra/freertos_blink/simplicity_sdk_2026.6.1/freertos/kernel/tasks.c.obj
                0x08003e18                vTaskPlaceOnEventListRestricted
 text_freertos_kernel_timecritical873549
                0x08003e74       0xc4 CMakeFiles/slc.dir/base/C_/Auvetra/freertos_blink/simplicity_sdk_2026.6.1/freertos/kernel/tasks.c.obj
                0x08003e74                xTaskRemoveFromEventList
 text_freertos_kernel_timecritical893562
                0x08003f38       0xa0 CMakeFiles/slc.dir/base/C_/Auvetra/freertos_blink/simplicity_sdk_2026.6.1/freertos/kernel/tasks.c.obj
                0x08003f38                vTaskSwitchContext
 text_freertos_kernel_timecritical933587
                0x08003fd8        0xc CMakeFiles/slc.dir/base/C_/Auvetra/freertos_blink/simplicity_sdk_2026.6.1/freertos/kernel/tasks.c.obj
                0x08003fd8                vTaskMissedYield
 text_freertos_kernel_timecritical943593
                0x08003fe4       0x20 CMakeFiles/slc.dir/base/C_/Auvetra/freertos_blink/simplicity_sdk_2026.6.1/freertos/kernel/tasks.c.obj
                0x08003fe4                xTaskGetSchedulerState
 text_freertos_kernel_timecritical1013674
                0x08004004       0x18 CMakeFiles/slc.dir/base/C_/Auvetra/freertos_blink/simplicity_sdk_2026.6.1/freertos/kernel/tasks.c.obj
                0x08004004                vTaskInternalSetTimeOutState
 text_freertos_kernel_timecritical803402
                0x0800401c       0x84 CMakeFiles/slc.dir/base/C_/Auvetra/freertos_blink/simplicity_sdk_2026.6.1/freertos/kernel/tasks.c.obj
                0x0800401c                xTaskCheckForTimeOut
 text_freertos_kernel_timecritical161174
                0x080040a0       0x3c CMakeFiles/slc.dir/base/C_/Auvetra/freertos_blink/simplicity_sdk_2026.6.1/freertos/kernel/timers.c.obj
 text_freertos_kernel_timecritical163190
                0x080040dc       0x40 CMakeFiles/slc.dir/base/C_/Auvetra/freertos_blink/simplicity_sdk_2026.6.1/freertos/kernel/timers.c.obj
 text_freertos_kernel_timecritical164196
                0x0800411c       0x2c CMakeFiles/slc.dir/base/C_/Auvetra/freertos_blink/simplicity_sdk_2026.6.1/freertos/kernel/timers.c.obj
 text_freertos_kernel_timecritical158152
                0x08004148       0x68 CMakeFiles/slc.dir/base/C_/Auvetra/freertos_blink/simplicity_sdk_2026.6.1/freertos/kernel/timers.c.obj
 text_freertos_kernel_timecritical159159
                0x080041b0      0x17c CMakeFiles/slc.dir/base/C_/Auvetra/freertos_blink/simplicity_sdk_2026.6.1/freertos/kernel/timers.c.obj
 text_freertos_kernel_timecritical1521348
                0x0800432c       0x64 CMakeFiles/slc.dir/base/C_/Auvetra/freertos_blink/simplicity_sdk_2026.6.1/freertos/kernel/timers.c.obj
                0x0800432c                xTimerCreateTimerTask
 text_system_timecritical19228
                0x08004390        0xc CMakeFiles/slc.dir/base/C_/Auvetra/freertos_blink/simplicity_sdk_2026.6.1/platform_core/platform/Device/SiliconLabs/EFR32ZG28/Source/system_efr32zg28.c.obj
                0x08004390                SystemHFRCODPLLClockGet
 text_system_timecritical20231
                0x0800439c       0x40 CMakeFiles/slc.dir/base/C_/Auvetra/freertos_blink/simplicity_sdk_2026.6.1/platform_core/platform/Device/SiliconLabs/EFR32ZG28/Source/system_efr32zg28.c.obj
                0x0800439c                SystemSYSCLKGet
 text_system_timecritical16184
                0x080043dc       0x24 CMakeFiles/slc.dir/base/C_/Auvetra/freertos_blink/simplicity_sdk_2026.6.1/platform_core/platform/Device/SiliconLabs/EFR32ZG28/Source/system_efr32zg28.c.obj
                0x080043dc                SystemHCLKGet
 text_system_timecritical21233
                0x08004400        0x8 CMakeFiles/slc.dir/base/C_/Auvetra/freertos_blink/simplicity_sdk_2026.6.1/platform_core/platform/Device/SiliconLabs/EFR32ZG28/Source/system_efr32zg28.c.obj
                0x08004400                SystemMaxCoreClockGet
 text_system_timecritical22235
                0x08004408        0x8 CMakeFiles/slc.dir/base/C_/Auvetra/freertos_blink/simplicity_sdk_2026.6.1/platform_core/platform/Device/SiliconLabs/EFR32ZG28/Source/system_efr32zg28.c.obj
                0x08004408                SystemFSRCOClockGet
 text_system_timecritical23237
                0x08004410        0xc CMakeFiles/slc.dir/base/C_/Auvetra/freertos_blink/simplicity_sdk_2026.6.1/platform_core/platform/Device/SiliconLabs/EFR32ZG28/Source/system_efr32zg28.c.obj
                0x08004410                SystemHFXOClockGet
 text_system_timecritical24240
                0x0800441c        0x8 CMakeFiles/slc.dir/base/C_/Auvetra/freertos_blink/simplicity_sdk_2026.6.1/platform_core/platform/Device/SiliconLabs/EFR32ZG28/Source/system_efr32zg28.c.obj
                0x0800441c                SystemCLKIN0Get
 text_system_timecritical25242
                0x08004424       0xa8 CMakeFiles/slc.dir/base/C_/Auvetra/freertos_blink/simplicity_sdk_2026.6.1/platform_core/platform/Device/SiliconLabs/EFR32ZG28/Source/system_efr32zg28.c.obj
                0x08004424                SystemHFRCOEM23ClockGet
 text_system_timecritical26244
                0x080044cc        0xc CMakeFiles/slc.dir/base/C_/Auvetra/freertos_blink/simplicity_sdk_2026.6.1/platform_core/platform/Device/SiliconLabs/EFR32ZG28/Source/system_efr32zg28.c.obj
                0x080044cc                SystemLFXOClockGet
 text_gpio_timecritical40190
                0x080044d8       0x50 CMakeFiles/slc.dir/base/C_/Auvetra/freertos_blink/simplicity_sdk_2026.6.1/platform_core/platform/driver/gpio/src/sl_gpio.c.obj
                0x080044d8                sl_gpio_toggle_pin
 text_hal_gpio_timecritical29700
                0x08004528       0x5c CMakeFiles/slc.dir/base/C_/Auvetra/freertos_blink/simplicity_sdk_2026.6.1/platform_core/platform/peripheral/src/sl_hal_gpio.c.obj
                0x08004528                sl_hal_gpio_set_pin
 text_hal_gpio_timecritical30818
                0x08004584       0x5c CMakeFiles/slc.dir/base/C_/Auvetra/freertos_blink/simplicity_sdk_2026.6.1/platform_core/platform/peripheral/src/sl_hal_gpio.c.obj
                0x08004584                sl_hal_gpio_toggle_pin
 text_hal_sysrtc_timecritical29219
                0x080045e0       0x14 CMakeFiles/slc.dir/base/C_/Auvetra/freertos_blink/simplicity_sdk_2026.6.1/platform_core/platform/peripheral/src/sl_hal_sysrtc_subsystem.c.obj
                0x080045e0                sl_hal_sysrtc_wait_sync
 text_hal_sysrtc_timecritical31269
                0x080045f4       0x24 CMakeFiles/slc.dir/base/C_/Auvetra/freertos_blink/simplicity_sdk_2026.6.1/platform_core/platform/peripheral/src/sl_hal_sysrtc_subsystem.c.obj
                0x080045f4                sl_hal_sysrtc_wait_sync_group
 text_hal_sysrtc_timecritical36382
                0x08004618       0x1c CMakeFiles/slc.dir/base/C_/Auvetra/freertos_blink/simplicity_sdk_2026.6.1/platform_core/platform/peripheral/src/sl_hal_sysrtc_subsystem.c.obj
                0x08004618                sl_hal_sysrtc_enable_group_interrupts
 text_hal_sysrtc_timecritical37398
                0x08004634       0x1c CMakeFiles/slc.dir/base/C_/Auvetra/freertos_blink/simplicity_sdk_2026.6.1/platform_core/platform/peripheral/src/sl_hal_sysrtc_subsystem.c.obj
                0x08004634                sl_hal_sysrtc_disable_group_interrupts
 text_hal_sysrtc_timecritical38414
                0x08004650       0x1c CMakeFiles/slc.dir/base/C_/Auvetra/freertos_blink/simplicity_sdk_2026.6.1/platform_core/platform/peripheral/src/sl_hal_sysrtc_subsystem.c.obj
                0x08004650                sl_hal_sysrtc_clear_group_interrupts
 text_hal_sysrtc_timecritical39433
                0x0800466c       0x20 CMakeFiles/slc.dir/base/C_/Auvetra/freertos_blink/simplicity_sdk_2026.6.1/platform_core/platform/peripheral/src/sl_hal_sysrtc_subsystem.c.obj
                0x0800466c                sl_hal_sysrtc_get_group_interrupts
 text_hal_sysrtc_timecritical40482
                0x0800468c       0x2c CMakeFiles/slc.dir/base/C_/Auvetra/freertos_blink/simplicity_sdk_2026.6.1/platform_core/platform/peripheral/src/sl_hal_sysrtc_subsystem.c.obj
                0x0800468c                sl_hal_sysrtc_get_group_compare_channel_value
 text_hal_sysrtc_timecritical41499
                0x080046b8       0x24 CMakeFiles/slc.dir/base/C_/Auvetra/freertos_blink/simplicity_sdk_2026.6.1/platform_core/platform/peripheral/src/sl_hal_sysrtc_subsystem.c.obj
                0x080046b8                sl_hal_sysrtc_set_group_compare_channel_value
 text_clock_manager_timecritical2774
                0x080046dc       0x54 CMakeFiles/slc.dir/base/C_/Auvetra/freertos_blink/simplicity_sdk_2026.6.1/platform_core/platform/service/clock_manager/src/sl_clock_manager_hal_s2.c.obj
                0x080046dc                sli_clock_manager_hal_enable_bus_clock
 text_memory_manager_timecritical35462
                0x08004730       0x20 CMakeFiles/slc.dir/base/C_/Auvetra/freertos_blink/simplicity_sdk_2026.6.1/platform_core/platform/service/memory_manager/src/sli_memory_manager_common.c.obj
                0x08004730                sli_memory_get_heap_handle
 text_sleeptimer_timecritical67121
                0x08004750       0x40 CMakeFiles/slc.dir/base/C_/Auvetra/freertos_blink/simplicity_sdk_2026.6.1/platform_core/platform/service/sleeptimer/src/sl_sleeptimer.c.obj
 text_sleeptimer_timecritical68125
                0x08004790       0x3c CMakeFiles/slc.dir/base/C_/Auvetra/freertos_blink/simplicity_sdk_2026.6.1/platform_core/platform/service/sleeptimer/src/sl_sleeptimer.c.obj
 text_sleeptimer_timecritical70131
                0x080047cc       0x38 CMakeFiles/slc.dir/base/C_/Auvetra/freertos_blink/simplicity_sdk_2026.6.1/platform_core/platform/service/sleeptimer/src/sl_sleeptimer.c.obj
 text_sleeptimer_timecritical69128
                0x08004804       0x64 CMakeFiles/slc.dir/base/C_/Auvetra/freertos_blink/simplicity_sdk_2026.6.1/platform_core/platform/service/sleeptimer/src/sl_sleeptimer.c.obj
 text_sleeptimer_timecritical66151
                0x08004868      0x150 CMakeFiles/slc.dir/base/C_/Auvetra/freertos_blink/simplicity_sdk_2026.6.1/platform_core/platform/service/sleeptimer/src/sl_sleeptimer.c.obj
                0x08004868                process_timer_irq
 text_sleeptimer_timecritical6954
                0x080049b8       0x10 CMakeFiles/slc.dir/base/C_/Auvetra/freertos_blink/simplicity_sdk_2026.6.1/platform_core/platform/service/sleeptimer/src/sl_sleeptimer_hal_sysrtc.c.obj
                0x080049b8                sleeptimer_hal_get_counter
 text_sleeptimer_timecritical7385
                0x080049c8       0x18 CMakeFiles/slc.dir/base/C_/Auvetra/freertos_blink/simplicity_sdk_2026.6.1/platform_core/platform/service/sleeptimer/src/sl_sleeptimer_hal_sysrtc.c.obj
                0x080049c8                sleeptimer_hal_get_timer_frequency
 text_sleeptimer_timecritical7170
                0x080049e0       0x70 CMakeFiles/slc.dir/base/C_/Auvetra/freertos_blink/simplicity_sdk_2026.6.1/platform_core/platform/service/sleeptimer/src/sl_sleeptimer_hal_sysrtc.c.obj
                0x080049e0                sleeptimer_hal_set_compare
 text_sleeptimer_timecritical75101
                0x08004a50       0x24 CMakeFiles/slc.dir/base/C_/Auvetra/freertos_blink/simplicity_sdk_2026.6.1/platform_core/platform/service/sleeptimer/src/sl_sleeptimer_hal_sysrtc.c.obj
                0x08004a50                sleeptimer_hal_disable_int
 text_sleeptimer_timecritical76109
                0x08004a74       0x10 CMakeFiles/slc.dir/base/C_/Auvetra/freertos_blink/simplicity_sdk_2026.6.1/platform_core/platform/service/sleeptimer/src/sl_sleeptimer_hal_sysrtc.c.obj
                0x08004a74                sleeptimer_hal_set_int
 text_freertos_kernel_timecritical175172
                0x08004a84       0x2a CMakeFiles/slc.dir/base/C_/Auvetra/freertos_blink/simplicity_sdk_2026.6.1/freertos/cmsis/Source/cmsis_os2.c.obj
 text_freertos_kernel_timecritical173149
                0x08004aae       0x1a CMakeFiles/slc.dir/base/C_/Auvetra/freertos_blink/simplicity_sdk_2026.6.1/freertos/cmsis/Source/cmsis_os2.c.obj
                0x08004aae                SysTick_Handler
 text_freertos_kernel_timecritical187518
                0x08004ac8       0x96 CMakeFiles/slc.dir/base/C_/Auvetra/freertos_blink/simplicity_sdk_2026.6.1/freertos/cmsis/Source/cmsis_os2.c.obj
                0x08004ac8                osThreadNew
 text_freertos_kernel_timecritical198840
                0x08004b5e       0x34 CMakeFiles/slc.dir/base/C_/Auvetra/freertos_blink/simplicity_sdk_2026.6.1/freertos/cmsis/Source/cmsis_os2.c.obj
                0x08004b5e                osThreadTerminate
 text_freertos_kernel_timecritical40436
                0x08004b92       0x16 CMakeFiles/slc.dir/base/C_/Auvetra/freertos_blink/simplicity_sdk_2026.6.1/freertos/kernel/list.c.obj
                0x08004b92                vListInitialise
 text_freertos_kernel_timecritical41447
                0x08004ba8        0x6 CMakeFiles/slc.dir/base/C_/Auvetra/freertos_blink/simplicity_sdk_2026.6.1/freertos/kernel/list.c.obj
                0x08004ba8                vListInitialiseItem
 text_freertos_kernel_timecritical42461
                0x08004bae       0x2e CMakeFiles/slc.dir/base/C_/Auvetra/freertos_blink/simplicity_sdk_2026.6.1/freertos/kernel/list.c.obj
                0x08004bae                vListInsert
 text_freertos_kernel_timecritical43483
                0x08004bdc       0x16 CMakeFiles/slc.dir/base/C_/Auvetra/freertos_blink/simplicity_sdk_2026.6.1/freertos/kernel/list.c.obj
                0x08004bdc                vListInsertEnd
 text_freertos_kernel_timecritical44498
                0x08004bf2       0x1e CMakeFiles/slc.dir/base/C_/Auvetra/freertos_blink/simplicity_sdk_2026.6.1/freertos/kernel/list.c.obj
                0x08004bf2                uxListRemove
 text_freertos_kernel_timecritical112426
                0x08004c10       0x16 CMakeFiles/slc.dir/base/C_/Auvetra/freertos_blink/simplicity_sdk_2026.6.1/freertos/kernel/portable/GCC/ARM_CM33_NTZ/non_secure/port.c.obj
                0x08004c10                vPortYield
 text_freertos_kernel_timecritical115441
                0x08004c26       0x24 CMakeFiles/slc.dir/base/C_/Auvetra/freertos_blink/simplicity_sdk_2026.6.1/freertos/kernel/portable/GCC/ARM_CM33_NTZ/non_secure/port.c.obj
                0x08004c26                xPortSysTickHandler
 text_freertos_kernel_timecritical4382
                0x08004c4a       0x16 CMakeFiles/slc.dir/base/C_/Auvetra/freertos_blink/simplicity_sdk_2026.6.1/freertos/kernel/portable/GCC/ARM_CM33_NTZ/non_secure/portasm.c.obj
                0x08004c4a                ulSetInterruptMask
 text_freertos_kernel_timecritical4487
                0x08004c60        0xe CMakeFiles/slc.dir/base/C_/Auvetra/freertos_blink/simplicity_sdk_2026.6.1/freertos/kernel/portable/GCC/ARM_CM33_NTZ/non_secure/portasm.c.obj
                0x08004c60                vClearInterruptMask
 text_freertos_kernel_timecritical31179
                0x08004c6e       0x18 CMakeFiles/slc.dir/base/C_/Auvetra/freertos_blink/simplicity_sdk_2026.6.1/freertos/kernel/portable/MemMang/heap_3.c.obj
                0x08004c6e                pvPortMalloc
 text_freertos_kernel_timecritical33182
                0x08004c86       0x1a CMakeFiles/slc.dir/base/C_/Auvetra/freertos_blink/simplicity_sdk_2026.6.1/freertos/kernel/portable/MemMang/heap_3.c.obj
                0x08004c86                vPortFree
 text_freertos_kernel_timecritical137178
                0x08004ca0       0x6c CMakeFiles/slc.dir/base/C_/Auvetra/freertos_blink/simplicity_sdk_2026.6.1/freertos/kernel/queue.c.obj
 text_freertos_kernel_timecritical138185
                0x08004d0c       0x16 CMakeFiles/slc.dir/base/C_/Auvetra/freertos_blink/simplicity_sdk_2026.6.1/freertos/kernel/queue.c.obj
 text_freertos_kernel_timecritical141206
                0x08004d22       0x2a CMakeFiles/slc.dir/base/C_/Auvetra/freertos_blink/simplicity_sdk_2026.6.1/freertos/kernel/queue.c.obj
 text_freertos_kernel_timecritical1301781
                0x08004d4c       0x46 CMakeFiles/slc.dir/base/C_/Auvetra/freertos_blink/simplicity_sdk_2026.6.1/freertos/kernel/queue.c.obj
                0x08004d4c                vQueueWaitForMessageRestricted
 text_freertos_kernel_timecritical45379
                0x08004d92       0x5c CMakeFiles/slc.dir/base/C_/Auvetra/freertos_blink/simplicity_sdk_2026.6.1/freertos/kernel/tasks.c.obj
                0x08004d92                xTaskCreate
 text_freertos_kernel_timecritical162183
                0x08004dee       0x26 CMakeFiles/slc.dir/base/C_/Auvetra/freertos_blink/simplicity_sdk_2026.6.1/freertos/kernel/timers.c.obj
 text_core_timecritical2307
                0x08004e14        0xa CMakeFiles/slc.dir/base/C_/Auvetra/freertos_blink/simplicity_sdk_2026.6.1/platform_core/platform/common/src/sl_core_cortexm.c.obj
                0x08004e14                CORE_ExitCritical
 text_core_timecritical4331
                0x08004e1e        0x8 CMakeFiles/slc.dir/base/C_/Auvetra/freertos_blink/simplicity_sdk_2026.6.1/platform_core/platform/common/src/sl_core_cortexm.c.obj
                0x08004e1e                CORE_EnterCritical
 text_core_timecritical7363
                0x08004e26        0xa CMakeFiles/slc.dir/base/C_/Auvetra/freertos_blink/simplicity_sdk_2026.6.1/platform_core/platform/common/src/sl_core_cortexm.c.obj
                0x08004e26                CORE_ExitAtomic
 text_core_timecritical9387
                0x08004e30        0xc CMakeFiles/slc.dir/base/C_/Auvetra/freertos_blink/simplicity_sdk_2026.6.1/platform_core/platform/common/src/sl_core_cortexm.c.obj